[    0.000000] Initializing cgroup subsys cpuset
[    0.000000] Initializing cgroup subsys cpu
[    0.000000] Initializing cgroup subsys cpuacct
[    0.000000] Linux version 4.4.0-210-generic (buildd@lgw01-amd64-009) (gcc version 5.4.0 20160609 (Ubuntu 5.4.0-6ubuntu1~16.04.12) ) #242-Ubuntu SMP Fri Apr 16 09:57:56 UTC 2021 (Ubuntu 4.4.0-210.242-generic 4.4.262)
[    0.000000] Command line: BOOT_IMAGE=/boot/vmlinuz-4.4.0-210-generic root=LABEL=cloudimg-rootfs ro console=tty1 console=ttyS0
[    0.000000] KERNEL supported cpus:
[    0.000000]   Intel GenuineIntel
[    0.000000]   AMD AuthenticAMD
[    0.000000]   Centaur CentaurHauls
[    0.000000] x86/fpu: xstate_offset[2]:  576, xstate_sizes[2]:  256
[    0.000000] x86/fpu: Supporting XSAVE feature 0x01: 'x87 floating point registers'
[    0.000000] x86/fpu: Supporting XSAVE feature 0x02: 'SSE registers'
[    0.000000] x86/fpu: Supporting XSAVE feature 0x04: 'AVX registers'
[    0.000000] x86/fpu: Enabled xstate features 0x7, context size is 832 bytes, using 'standard' format.
[    0.000000] e820: BIOS-provided physical RAM map:
[    0.000000] BIOS-e820: [mem 0x0000000000000000-0x000000000009fbff] usable
[    0.000000] BIOS-e820: [mem 0x000000000009fc00-0x000000000009ffff] reserved
[    0.000000] BIOS-e820: [mem 0x00000000000f0000-0x00000000000fffff] reserved
[    0.000000] BIOS-e820: [mem 0x0000000000100000-0x000000003ffeffff] usable
[    0.000000] BIOS-e820: [mem 0x000000003fff0000-0x000000003fffffff] ACPI data
[    0.000000] BIOS-e820: [mem 0x00000000fec00000-0x00000000fec00fff] reserved
[    0.000000] BIOS-e820: [mem 0x00000000fee00000-0x00000000fee00fff] reserved
[    0.000000] BIOS-e820: [mem 0x00000000fffc0000-0x00000000ffffffff] reserved
[    0.000000] NX (Execute Disable) protection: active
[    0.000000] SMBIOS 2.5 present.
[    0.000000] Hypervisor detected: KVM
[    0.000000] e820: last_pfn = 0x3fff0 max_arch_pfn = 0x400000000
[    0.000000] MTRR: Disabled
[    0.000000] x86/PAT: MTRRs disabled, skipping PAT initialization too.
[    0.000000] CPU MTRRs all blank - virtualized system.
[    0.000000] x86/PAT: Configuration [0-7]: WB  WT  UC- UC  WB  WT  UC- UC  
[    0.000000] found SMP MP-table at [mem 0x0009fff0-0x0009ffff] mapped at [ffff88000009fff0]
[    0.000000] Scanning 1 areas for low memory corruption
[    0.000000] RAMDISK: [mem 0x362dc000-0x37165fff]
[    0.000000] ACPI: Early table checksum verification disabled
[    0.000000] ACPI: RSDP 0x00000000000E0000 000024 (v02 VBOX  )
[    0.000000] ACPI: XSDT 0x000000003FFF0030 00003C (v01 VBOX   VBOXXSDT 00000001 ASL  00000061)
[    0.000000] ACPI: FACP 0x000000003FFF00F0 0000F4 (v04 VBOX   VBOXFACP 00000001 ASL  00000061)
[    0.000000] ACPI: DSDT 0x000000003FFF0470 002325 (v02 VBOX   VBOXBIOS 00000002 INTL 20200925)
[    0.000000] ACPI: FACS 0x000000003FFF0200 000040
[    0.000000] ACPI: FACS 0x000000003FFF0200 000040
[    0.000000] ACPI: APIC 0x000000003FFF0240 00005C (v02 VBOX   VBOXAPIC 00000001 ASL  00000061)
[    0.000000] ACPI: SSDT 0x000000003FFF02A0 0001CC (v01 VBOX   VBOXCPUT 00000002 INTL 20200925)
[    0.000000] No NUMA configuration found
[    0.000000] Faking a node at [mem 0x0000000000000000-0x000000003ffeffff]
[    0.000000] NODE_DATA(0) allocated [mem 0x3ffeb000-0x3ffeffff]
[    0.000000] kvm-clock: Using msrs 4b564d01 and 4b564d00
[    0.000000] kvm-clock: cpu 0, msr 0:3ffe3001, primary cpu clock
[    0.000000] kvm-clock: using sched offset of 3016159599 cycles
[    0.000000] clocksource: kvm-clock: mask: 0xffffffffffffffff max_cycles: 0x1cd42e4dffb, max_idle_ns: 881590591483 ns
[    0.000000] Zone ranges:
[    0.000000]   DMA      [mem 0x0000000000001000-0x0000000000ffffff]
[    0.000000]   DMA32    [mem 0x0000000001000000-0x000000003ffeffff]
[    0.000000]   Normal   empty
[    0.000000]   Device   empty
[    0.000000] Movable zone start for each node
[    0.000000] Early memory node ranges
[    0.000000]   node   0: [mem 0x0000000000001000-0x000000000009efff]
[    0.000000]   node   0: [mem 0x0000000000100000-0x000000003ffeffff]
[    0.000000] Initmem setup node 0 [mem 0x0000000000001000-0x000000003ffeffff]
[    0.000000] ACPI: PM-Timer IO Port: 0x4008
[    0.000000] IOAPIC[0]: apic_id 2, version 32, address 0xfec00000, GSI 0-23
[    0.000000] ACPI: INT_SRC_OVR (bus 0 bus_irq 0 global_irq 2 dfl dfl)
[    0.000000] ACPI: INT_SRC_OVR (bus 0 bus_irq 9 global_irq 9 low level)
[    0.000000] Using ACPI (MADT) for SMP configuration information
[    0.000000] smpboot: Allowing 2 CPUs, 0 hotplug CPUs
[    0.000000] PM: Registered nosave memory: [mem 0x00000000-0x00000fff]
[    0.000000] PM: Registered nosave memory: [mem 0x0009f000-0x0009ffff]
[    0.000000] PM: Registered nosave memory: [mem 0x000a0000-0x000effff]
[    0.000000] PM: Registered nosave memory: [mem 0x000f0000-0x000fffff]
[    0.000000] e820: [mem 0x40000000-0xfebfffff] available for PCI devices
[    0.000000] Booting paravirtualized kernel on KVM
[    0.000000] clocksource: refined-jiffies: mask: 0xffffffff max_cycles: 0xffffffff, max_idle_ns: 7645519600211568 ns
[    0.000000] setup_percpu: NR_CPUS:512 nr_cpumask_bits:512 nr_cpu_ids:2 nr_node_ids:1
[    0.000000] PERCPU: Embedded 33 pages/cpu @ffff88003fc00000 s95192 r8192 d31784 u1048576
[    0.000000] Built 1 zonelists in Node order, mobility grouping on.  Total pages: 257912
[    0.000000] Policy zone: DMA32
[    0.000000] Kernel command line: BOOT_IMAGE=/boot/vmlinuz-4.4.0-210-generic root=LABEL=cloudimg-rootfs ro console=tty1 console=ttyS0
[    0.000000] PID hash table entries: 4096 (order: 3, 32768 bytes)
[    0.000000] Memory: 997792K/1048120K available (8644K kernel code, 1332K rwdata, 4044K rodata, 1492K init, 1164K bss, 50328K reserved, 0K cma-reserved)
[    0.000000] SLUB: HWalign=64, Order=0-3, MinObjects=0, CPUs=2, Nodes=1
[    0.000000] Kernel/User page tables isolation: enabled
[    0.000000] Hierarchical RCU implementation.
[    0.000000] 	Build-time adjustment of leaf fanout to 64.
[    0.000000] 	RCU restricting CPUs from NR_CPUS=512 to nr_cpu_ids=2.
[    0.000000] RCU: Adjusting geometry for rcu_fanout_leaf=64, nr_cpu_ids=2
[    0.000000] NR_IRQS:33024 nr_irqs:440 16
[    0.000000] Console: colour VGA+ 80x25
[    0.000000] console [tty1] enabled
[    0.000000] console [ttyS0] enabled
[    0.000000] tsc: Detected 2611.198 MHz processor
[    0.085937] Calibrating delay loop (skipped) preset value.. 5222.39 BogoMIPS (lpj=10444792)
[    0.087019] pid_max: default: 32768 minimum: 301
[    0.087592] ACPI: Core revision 20150930
[    0.088637] ACPI: 2 ACPI AML tables successfully acquired and loaded
[    0.089474] Security Framework initialized
[    0.089993] Yama: becoming mindful.
[    0.090472] AppArmor: AppArmor initialized
[    0.091033] Dentry cache hash table entries: 131072 (order: 8, 1048576 bytes)
[    0.092555] Inode-cache hash table entries: 65536 (order: 7, 524288 bytes)
[    0.093391] Mount-cache hash table entries: 2048 (order: 2, 16384 bytes)
[    0.094327] Mountpoint-cache hash table entries: 2048 (order: 2, 16384 bytes)
[    0.095235] Initializing cgroup subsys io
[    0.095757] Initializing cgroup subsys memory
[    0.096300] Initializing cgroup subsys devices
[    0.096851] Initializing cgroup subsys freezer
[    0.097401] Initializing cgroup subsys net_cls
[    0.098070] Initializing cgroup subsys perf_event
[    0.098646] Initializing cgroup subsys net_prio
[    0.099226] Initializing cgroup subsys hugetlb
[    0.099777] Initializing cgroup subsys pids
[    0.125121] mce: CPU supports 0 MCE banks
[    0.125700] Last level iTLB entries: 4KB 0, 2MB 0, 4MB 0
[    0.126331] Last level dTLB entries: 4KB 0, 2MB 0, 4MB 0, 1GB 0
[    0.127017] Spectre V1 : Mitigation: usercopy/swapgs barriers and __user pointer sanitization
[    0.128074] Spectre V2 : Mitigation: Full generic retpoline
[    0.128728] Spectre V2 : Spectre v2 / SpectreRSB mitigation: Filling RSB on context switch
[    0.129793] Speculative Store Bypass: Vulnerable
[    0.130424] MDS: Mitigation: Clear CPU buffers
[    0.132740] Freeing SMP alternatives memory: 36K
[    0.137510] ftrace: allocating 32380 entries in 127 pages
[    0.177070] smpboot: APIC(0) Converting physical 0 to logical package 0
[    0.178004] smpboot: Max logical packages: 1
[    0.178769] x2apic enabled
[    0.179360] Switched APIC routing to physical x2apic.
[    0.180694] ..TIMER: vector=0x30 apic1=0 pin1=2 apic2=-1 pin2=-1
[    0.289491] smpboot: CPU0: 11th Gen Intel(R) Core(TM) i5-1145G7 @ 2.60GHz (family: 0x6, model: 0x8c, stepping: 0x1)
[    0.291402] Performance Events: unsupported p6 CPU model 140 no PMU driver, software events only.
[    0.300747] KVM setup paravirtual spinlock
[    0.302088] x86: Booting SMP configuration:
[    0.302637] .... node  #0, CPUs:      #1
[    0.303287] kvm-clock: cpu 1, msr 0:3ffe3041, secondary cpu clock
[    0.328462] mce: CPU supports 0 MCE banks
[    0.330789] x86: Booted up 1 node, 2 CPUs
[    0.331475] smpboot: Total of 2 processors activated (10444.79 BogoMIPS)
[    0.332540] devtmpfs: initialized
[    0.333731] evm: security.selinux
[    0.334189] evm: security.SMACK64
[    0.334638] evm: security.SMACK64EXEC
[    0.335131] evm: security.SMACK64TRANSMUTE
[    0.335663] evm: security.SMACK64MMAP
[    0.336142] evm: security.ima
[    0.336558] evm: security.capability
[    0.337211] clocksource: jiffies: mask: 0xffffffff max_cycles: 0xffffffff, max_idle_ns: 7645041785100000 ns
[    0.338398] futex hash table entries: 512 (order: 3, 32768 bytes)
[    0.339228] pinctrl core: initialized pinctrl subsystem
[    0.339932] RTC time: 22:41:19, date: 10/18/22
[    0.340951] NET: Registered protocol family 16
[    0.353996] cpuidle: using governor ladder
[    0.365645] cpuidle: using governor menu
[    0.366541] PCCT header not found.
[    0.367517] ACPI: bus type PCI registered
[    0.368423] acpiphp: ACPI Hot Plug PCI Controller Driver version: 0.5
[    0.369703] PCI: Using configuration type 1 for base access
[    0.382328] ACPI: Added _OSI(Module Device)
[    0.382961] ACPI: Added _OSI(Processor Device)
[    0.384050] ACPI: Added _OSI(3.0 _SCP Extensions)
[    0.385267] ACPI: Added _OSI(Processor Aggregator Device)
[    0.387138] ACPI: Executed 1 blocks of module-level executable AML code
[    0.389428] ACPI: Interpreter enabled
[    0.389972] ACPI: (supports S0 S5)
[    0.390433] ACPI: Using IOAPIC for interrupt routing
[    0.391149] PCI: Using host bridge windows from ACPI; if necessary, use "pci=nocrs" and report a bug
[    0.394301] ACPI: PCI Root Bridge [PCI0] (domain 0000 [bus 00-ff])
[    0.395033] acpi PNP0A03:00: _OSC: OS supports [ASPM ClockPM Segments MSI]
[    0.396019] acpi PNP0A03:00: _OSC: not requesting OS control; OS requires [ExtendedConfig ASPM ClockPM MSI]
[    0.397088] acpi PNP0A03:00: fail to add MMCONFIG information, can't access extended PCI configuration space under this bridge.
[    0.398568] PCI host bridge to bus 0000:00
[    0.399116] pci_bus 0000:00: root bus resource [io  0x0000-0x0cf7 window]
[    0.399818] pci_bus 0000:00: root bus resource [io  0x0d00-0xffff window]
[    0.400536] pci_bus 0000:00: root bus resource [mem 0x000a0000-0x000bffff window]
[    0.401425] pci_bus 0000:00: root bus resource [mem 0x40000000-0xfdffffff window]
[    0.402393] pci_bus 0000:00: root bus resource [bus 00-ff]
[    0.404044] pci 0000:00:01.1: legacy IDE quirk: reg 0x10: [io  0x01f0-0x01f7]
[    0.404848] pci 0000:00:01.1: legacy IDE quirk: reg 0x14: [io  0x03f6]
[    0.405605] pci 0000:00:01.1: legacy IDE quirk: reg 0x18: [io  0x0170-0x0177]
[    0.406426] pci 0000:00:01.1: legacy IDE quirk: reg 0x1c: [io  0x0376]
[    0.420723] pci 0000:00:07.0: quirk: [io  0x4000-0x403f] claimed by PIIX4 ACPI
[    0.421745] pci 0000:00:07.0: quirk: [io  0x4100-0x410f] claimed by PIIX4 SMB
[    0.426497] ACPI: PCI Interrupt Link [LNKA] (IRQs 5 9 10 *11)
[    0.427566] ACPI: PCI Interrupt Link [LNKB] (IRQs 5 9 *10 11)
[    0.428520] ACPI: PCI Interrupt Link [LNKC] (IRQs 5 *9 10 11)
[    0.429471] ACPI: PCI Interrupt Link [LNKD] (IRQs 5 9 10 *11)
[    0.430471] ACPI: Enabled 2 GPEs in block 00 to 07
[    0.431334] vgaarb: setting as boot device: PCI:0000:00:02.0
[    0.432012] vgaarb: device added: PCI:0000:00:02.0,decodes=io+mem,owns=io+mem,locks=none
[    0.433052] vgaarb: loaded
[    0.433471] vgaarb: bridge control possible 0000:00:02.0
[    0.434329] SCSI subsystem initialized
[    0.434960] ACPI: bus type USB registered
[    0.435523] usbcore: registered new interface driver usbfs
[    0.436172] usbcore: registered new interface driver hub
[    0.436826] usbcore: registered new device driver usb
[    0.438246] PCI: Using ACPI for IRQ routing
[    0.439006] NetLabel: Initializing
[    0.439461] NetLabel:  domain hash size = 128
[    0.439959] NetLabel:  protocols = UNLABELED CIPSOv4
[    0.440516] NetLabel:  unlabeled traffic allowed by default
[    0.441279] amd_nb: Cannot enumerate AMD northbridges
[    0.441921] clocksource: Switched to clocksource kvm-clock
[    0.446957] AppArmor: AppArmor Filesystem Enabled
[    0.448080] pnp: PnP ACPI init
[    0.449445] pnp: PnP ACPI: found 3 devices
[    0.457494] clocksource: acpi_pm: mask: 0xffffff max_cycles: 0xffffff, max_idle_ns: 2085701024 ns
[    0.459233] NET: Registered protocol family 2
[    0.460394] TCP established hash table entries: 8192 (order: 4, 65536 bytes)
[    0.461227] TCP bind hash table entries: 8192 (order: 5, 131072 bytes)
[    0.461972] TCP: Hash tables configured (established 8192 bind 8192)
[    0.462731] UDP hash table entries: 512 (order: 2, 16384 bytes)
[    0.463447] UDP-Lite hash table entries: 512 (order: 2, 16384 bytes)
[    0.464212] NET: Registered protocol family 1
[    0.464787] pci 0000:00:00.0: Limiting direct PCI/PCI transfers
[    0.465497] pci 0000:00:01.0: Activating ISA DMA hang workarounds
[    0.466325] Unpacking initramfs...
[    0.614414] Freeing initrd memory: 14888K
[    0.615172] clocksource: tsc: mask: 0xffffffffffffffff max_cycles: 0x25a38e665e8, max_idle_ns: 440795247960 ns
[    0.616335] platform rtc_cmos: registered platform RTC device (no PNP device found)
[    0.617258] Scanning for low memory corruption every 60 seconds
[    0.618264] audit: initializing netlink subsys (disabled)
[    0.618892] audit: type=2000 audit(1666132883.611:1): initialized
[    0.619722] Initialise system trusted keyring
[    0.620599] HugeTLB registered 2 MB page size, pre-allocated 0 pages
[    0.622147] zbud: loaded
[    0.622853] VFS: Disk quotas dquot_6.6.0
[    0.623378] VFS: Dquot-cache hash table entries: 512 (order 0, 4096 bytes)
[    0.624223] squashfs: version 4.0 (2009/01/31) Phillip Lougher
[    0.625103] fuse init (API version 7.23)
[    0.625665] Key type big_key registered
[    0.626177] Allocating IMA MOK and blacklist keyrings.
[    0.627259] Key type asymmetric registered
[    0.627793] Asymmetric key parser 'x509' registered
[    0.628418] Block layer SCSI generic (bsg) driver version 0.4 loaded (major 249)
[    0.629571] io scheduler noop registered
[    0.630108] io scheduler deadline registered (default)
[    0.630790] io scheduler cfq registered
[    0.631376] pci_hotplug: PCI Hot Plug PCI Core version: 0.5
[    0.632009] pciehp: PCI Express Hot Plug Controller Driver version: 0.4
[    0.632798] ACPI: AC Adapter [AC] (on-line)
[    0.633350] input: Power Button as /devices/LNXSYSTM:00/LNXPWRBN:00/input/input0
[    0.634239] ACPI: Power Button [PWRF]
[    0.634771] input: Sleep Button as /devices/LNXSYSTM:00/LNXSLPBN:00/input/input1
[    0.635680] ACPI: Sleep Button [SLPF]
[    0.636353] GHES: HEST is not enabled!
[    0.636762] ACPI: Battery Slot [BAT0] (battery present)
[    0.637509] Serial: 8250/16550 driver, 32 ports, IRQ sharing enabled
[    0.658541] 00:02: ttyS0 at I/O 0x3f8 (irq = 4, base_baud = 115200) is a 16550A
[    0.660478] Linux agpgart interface v0.103
[    0.662217] loop: module loaded
[    0.663068] scsi host0: ata_piix
[    0.663641] scsi host1: ata_piix
[    0.664139] ata1: PATA max UDMA/33 cmd 0x1f0 ctl 0x3f6 bmdma 0xd000 irq 14
[    0.664912] ata2: PATA max UDMA/33 cmd 0x170 ctl 0x376 bmdma 0xd008 irq 15
[    0.665771] libphy: Fixed MDIO Bus: probed
[    0.666341] tun: Universal TUN/TAP device driver, 1.6
[    0.666901] tun: (C) 1999-2004 Max Krasnyansky <maxk@qualcomm.com>
[    0.667595] PPP generic driver version 2.4.2
[    0.668141] ehci_hcd: USB 2.0 'Enhanced' Host Controller (EHCI) Driver
[    0.668827] ehci-pci: EHCI PCI platform driver
[    0.669347] ehci-platform: EHCI generic platform driver
[    0.669939] ohci_hcd: USB 1.1 'Open' Host Controller (OHCI) Driver
[    0.670651] ohci-pci: OHCI PCI platform driver
[    0.671250] ohci-platform: OHCI generic platform driver
[    0.672032] uhci_hcd: USB Universal Host Controller Interface driver
[    0.672852] i8042: PNP: PS/2 Controller [PNP0303:PS2K,PNP0f03:PS2M] at 0x60,0x64 irq 1,12
[    0.674260] serio: i8042 KBD port at 0x60,0x64 irq 1
[    0.674892] serio: i8042 AUX port at 0x60,0x64 irq 12
[    0.675589] mousedev: PS/2 mouse device common for all mice
[    0.676575] input: AT Translated Set 2 keyboard as /devices/platform/i8042/serio0/input/input2
[    0.677699] rtc_cmos rtc_cmos: rtc core: registered rtc_cmos as rtc0
[    0.678589] rtc_cmos rtc_cmos: alarms up to one day, 114 bytes nvram
[    0.679355] i2c /dev entries driver
[    0.679889] device-mapper: uevent: version 1.0.3
[    0.680498] device-mapper: ioctl: 4.34.0-ioctl (2015-10-28) initialised: dm-devel@redhat.com
[    0.681572] ledtrig-cpu: registered to indicate activity on CPUs
[    0.682540] NET: Registered protocol family 10
[    0.683397] NET: Registered protocol family 17
[    0.684109] Key type dns_resolver registered
[    0.684915] registered taskstats version 1
[    0.685475] Loading compiled-in X.509 certificates
[    0.686540] Loaded X.509 cert 'Build time autogenerated kernel key: cf00e047681d67edb2720680708b7d9498083038'
[    0.688637] zswap: loaded using pool lzo/zbud
[    0.691187] Key type trusted registered
[    0.693737] Key type encrypted registered
[    0.694318] AppArmor: AppArmor sha1 policy hashing enabled
[    0.695003] ima: No TPM chip found, activating TPM-bypass!
[    0.695697] ima: Allocated hash algorithm: sha1
[    0.696298] evm: HMAC attrs: 0x1
[    0.696977]   Magic number: 10:844:704
[    0.697503]  cpu: hash matches
[    0.698012] rtc_cmos rtc_cmos: setting system clock to 2022-10-18 22:41:19 UTC (1666132879)
[    0.699146] BIOS EDD facility v0.16 2004-Jun-25, 0 devices found
[    0.699857] EDD information not available.
[    0.882629] Freeing unused kernel memory: 1492K
[    0.883340] Write protecting the kernel read-only data: 14336k
[    0.884290] Freeing unused kernel memory: 1584K
[    0.885059] Freeing unused kernel memory: 52K
Loading, please wait...
starting version 229
[    0.893453] random: systemd-udevd: uninitialized urandom read (16 bytes read, 3 bits of entropy available)
[    0.893698] random: udevadm: uninitialized urandom read (16 bytes read, 3 bits of entropy available)
[    0.893728] random: udevadm: uninitialized urandom read (16 bytes read, 3 bits of entropy available)
[    0.896967] random: systemd-udevd: uninitialized urandom read (16 bytes read, 3 bits of entropy available)
[    0.898162] random: systemd-udevd: uninitialized urandom read (16 bytes read, 3 bits of entropy available)
[    0.898363] random: udevadm: uninitialized urandom read (16 bytes read, 3 bits of entropy available)
[    0.898409] random: udevadm: uninitialized urandom read (16 bytes read, 3 bits of entropy available)
[    0.898502] random: udevadm: uninitialized urandom read (16 bytes read, 3 bits of entropy available)
[    0.898547] random: udevadm: uninitialized urandom read (16 bytes read, 3 bits of entropy available)
[    0.898592] random: udevadm: uninitialized urandom read (16 bytes read, 3 bits of entropy available)
[    0.946149] e1000: Intel(R) PRO/1000 Network Driver - version 7.3.21-k8-NAPI
[    0.947353] e1000: Copyright (c) 1999-2006 Intel Corporation.
[    0.949614] Fusion MPT base driver 3.04.20
[    0.950122] Copyright (c) 1999-2008 LSI Corporation
[    0.953456] Fusion MPT SPI Host driver 3.04.20
[    0.969540] AVX2 version of gcm_enc/dec engaged.
[    0.970275] AES CTR mode by8 optimization enabled
[    1.158915] input: ImExPS/2 Generic Explorer Mouse as /devices/platform/i8042/serio1/input/input4
[    1.286776] e1000 0000:00:03.0 eth0: (PCI:33MHz:32-bit) 02:be:82:6b:cc:1d
[    1.287922] e1000 0000:00:03.0 eth0: Intel(R) PRO/1000 Network Connection
[    1.289602] mptbase: ioc0: Initiating bringup
[    1.354285] ioc0: LSI53C1030 A0: Capabilities={Initiator}
[    1.517598] scsi host2: ioc0: LSI53C1030 A0, FwRev=00000000h, Ports=1, MaxQ=256, IRQ=20
[    1.630797] scsi 2:0:0:0: Direct-Access     VBOX     HARDDISK         1.0  PQ: 0 ANSI: 5
[    1.635633] scsi target2:0:0: Beginning Domain Validation
[    1.639333] scsi target2:0:0: Domain Validation skipping write tests
[    1.641822] scsi target2:0:0: Ending Domain Validation
[    1.644081] scsi target2:0:0: asynchronous
[    1.646567] scsi 2:0:1:0: Direct-Access     VBOX     HARDDISK         1.0  PQ: 0 ANSI: 5
[    1.649188] scsi target2:0:1: Beginning Domain Validation
[    1.651344] scsi target2:0:1: Domain Validation skipping write tests
[    1.652576] scsi target2:0:1: Ending Domain Validation
[    1.653622] scsi target2:0:1: asynchronous
[    1.674968] sd 2:0:0:0: Attached scsi generic sg0 type 0
[    1.675922] sd 2:0:0:0: [sda] 83886080 512-byte logical blocks: (42.9 GB/40.0 GiB)
[    1.677679] sd 2:0:1:0: [sdb] 20480 512-byte logical blocks: (10.5 MB/10.0 MiB)
[    1.678741] sd 2:0:0:0: [sda] Write Protect is off
[    1.679417] sd 2:0:1:0: Attached scsi generic sg1 type 0
[    1.680218] sd 2:0:1:0: [sdb] Write Protect is off
[    1.680986] sd 2:0:0:0: [sda] Incomplete mode parameter data
[    1.681730] sd 2:0:0:0: [sda] Assuming drive cache: write through
[    1.682503] sd 2:0:1:0: [sdb] Incomplete mode parameter data
[    1.683230] sd 2:0:1:0: [sdb] Assuming drive cache: write through
[    1.684853]  sda: sda1
[    1.686165] sd 2:0:1:0: [sdb] Attached SCSI disk
[    1.686821] sd 2:0:0:0: [sda] Attached SCSI disk
[    1.958486] e1000 0000:00:08.0 eth1: (PCI:33MHz:32-bit) 08:00:27:c0:19:22
[    1.959625] e1000 0000:00:08.0 eth1: Intel(R) PRO/1000 Network Connection
[    1.961313] e1000 0000:00:03.0 enp0s3: renamed from eth0
[    1.974487] e1000 0000:00:08.0 enp0s8: renamed from eth1
Begin: Loading essential drivers ... [    3.198654] md: linear personality registered for level -1
[    3.201078] md: multipath personality registered for level -4
[    3.203577] md: raid0 personality registered for level 0
[    3.206638] md: raid1 personality registered for level 1
[    3.278059] raid6: sse2x1   gen() 15750 MB/s
[    3.345988] raid6: sse2x1   xor() 10993 MB/s
[    3.414046] raid6: sse2x2   gen() 23701 MB/s
[    3.481978] raid6: sse2x2   xor() 14172 MB/s
[    3.549983] raid6: sse2x4   gen() 24036 MB/s
[    3.618070] raid6: sse2x4   xor() 15492 MB/s
[    3.686042] raid6: avx2x1   gen() 31023 MB/s
[    3.753979] raid6: avx2x2   gen() 41393 MB/s
[    3.822043] raid6: avx2x4   gen() 40296 MB/s
[    3.822660] raid6: using algorithm avx2x2 gen() 41393 MB/s
[    3.823275] raid6: using avx2x2 recovery algorithm
[    3.824714] xor: automatically using best checksumming function:
[    3.893744]    avx       : 122419.000 MB/sec
[    3.895644] async_tx: api initialized (async)
[    3.902851] md: raid6 personality registered for level 6
[    3.903621] md: raid5 personality registered for level 5
[    3.904267] md: raid4 personality registered for level 4
[    3.909065] md: raid10 personality registered for level 10
done.
Begin: Running /scripts/init-premount ... done.
Begin: Mounting root file system ... Begin: Running /scripts/local-top ... done.
Begin: Running /scripts/local-premount ... [    3.930700] Btrfs loaded
Scanning for Btrfs filesystems
done.
Warning: fsck not present, so skipping root file system
[    3.945394] EXT4-fs (sda1): mounted filesystem with ordered data mode. Opts: (null)
done.
Begin: Running /scripts/local-bottom ... done.
Begin: Running /scripts/init-bottom ... done.
[    3.990847] systemd[1]: systemd 229 running in system mode. (+PAM +AUDIT +SELINUX +IMA +APPARMOR +SMACK +SYSVINIT +UTMP +LIBCRYPTSETUP +GCRYPT +GNUTLS +ACL +XZ -LZ4 +SECCOMP +BLKID +ELFUTILS +KMOD -IDN)
[    3.993421] systemd[1]: Detected virtualization oracle.
[    3.994051] systemd[1]: Detected architecture x86-64.

Welcome to [1mUbuntu 16.04.7 LTS[0m!

[    3.995961] systemd[1]: Set hostname to <ubuntu>.
[    3.997345] systemd[1]: Initializing machine ID from random generator.
[    3.998115] systemd[1]: Installed transient /etc/machine-id file.
[    4.061607] systemd[1]: Listening on /dev/initctl Compatibility Named Pipe.
[[0;32m  OK  [0m] Listening on /dev/initctl Compatibility Named Pipe.
[    4.063225] systemd[1]: Listening on Device-mapper event daemon FIFOs.
[[0;32m  OK  [0m] Listening on Device-mapper event daemon FIFOs.
[    4.064645] systemd[1]: Listening on Journal Socket.
[[0;32m  OK  [0m] Listening on Journal Socket.
[    4.065743] systemd[1]: Listening on LVM2 metadata daemon socket.
[[0;32m  OK  [0m] Listening on LVM2 metadata daemon socket.
[    4.067258] systemd[1]: Created slice System Slice.
[[0;32m  OK  [0m] Created slice System Slice.
[    4.078079] systemd[1]: Starting Load Kernel Modules...
         Starting Load Kernel Modules...
[    4.079388] systemd[1]: Listening on udev Kernel Socket.
[[0;32m  OK  [0m] Listening on udev Kernel Socket.
[    4.080663] systemd[1]: Reached target User and Group Name Lookups.
[[0;32m  OK  [0m] Reached target User and Group Name Lookups.
[    4.082104] systemd[1]: Listening on Journal Socket (/dev/log).
[[0;32m  OK  [0m] Listening on Journal Socket (/dev/log).
[    4.083396] systemd[1]: Started Trigger resolvconf update for networkd DNS.
[[0;32m  OK  [0m] Started Trigger resolvconf update for networkd DNS.
[    4.085076] systemd[1]: Set up automount Arbitrary Executable File Formats File System Automount Point.
[    4.086377] Loading iSCSI transport class v2.0-870.
[[0;32m  OK  [0m] Set up automount Arbitrary Executab...ats File System Automount Point.
[    4.088202] systemd[1]: Mounting POSIX Message Queue File System...
         Mounting POSIX Message Queue File System...
[    4.090087] systemd[1]: Mounting Huge Pages File System...
         Mounting Huge Pages File System...
[    4.092615] systemd[1]: Created slice User and Session Slice.
[[0;32m  OK  [0m] Created slice User and Session Slice.
[    4.094442] systemd[1]: Starting Uncomplicated firewall...
         Starting Uncomplicated firewall...
[    4.095560] iscsi: registered transport (tcp)
[    4.096050] systemd[1]: Listening on Journal Audit Socket.
[[0;32m  OK  [0m] Listening on Journal Audit Socket.
[    4.097521] systemd[1]: Started Forward Password Requests to Wall Directory Watch.
[[0;32m  OK  [0m] Started Forward Password Requests to Wall Directory Watch.
[    4.099501] systemd[1]: Created slice system-serial\x2dgetty.slice.
[[0;32m  OK  [0m] Created slice system-serial\x2dgetty.slice.
[    4.100756] systemd[1]: Reached target System Time Synchronized.
[[0;32m  OK  [0m] Reached target System Time Synchronized.
[    4.102263] systemd[1]: Mounting Debug File System...
         Mounting Debug File System...
[    4.103750] systemd[1]: Starting Monitoring of LVM2 mirrors, snapshots etc. using dmeventd or progress polling...
         Starting Monitoring of LVM2 mirrors... dmeventd or progress polling...
[    4.105811] systemd[1]: Listening on Syslog Socket.
[[0;32m  OK  [0m] Listening on Syslog Socket.
[    4.107035] systemd[1]: Listening on udev Control Socket.
[[0;32m  OK  [0m] Listening on udev Control Socket.
[    4.108691] systemd[1]: Starting Create list of required static device nodes for the current kernel...
         Starting Create list of required st... nodes for the current kernel...
[    4.110668] systemd[1]: Reached target Swap.
[[0;32m  OK  [0m] Reached target Swap.
[    4.112022] systemd[1]: Reached target Slices.
[[0;32m  OK  [0m] Reached target Slices.
[    4.115380] systemd[1]: Starting Journal Service...
         Starting Journal Service...
[    4.116991] systemd[1]: Starting Nameserver information manager...
         Starting Nameserver information manager...
[    4.118246] systemd[1]: Reached target Encrypted Volumes.
[[0;32m  OK  [0m] Reached target Encrypted Volumes.
[    4.119539] systemd[1]: Listening on fsck to fsckd communication Socket.
[[0;32m  OK  [0m] Listening on fsck to fsckd communication Socket.
[    4.121521] systemd[1]: Starting File System Check on Root Device...
         Starting File System Check on Root Device...
[    4.122965] systemd[1]: Listening on LVM2 poll daemon socket.
[[0;32m  OK  [0m] Listening on LVM2 poll daemon socket.
[    4.124702] systemd[1]: Starting Set console keymap...
         Starting Set console keymap...
[    4.127051] systemd[1]: Mounted Huge Pages File System.
[[0;32m  OK  [0m] Mounted Huge Pages File System.
[    4.129008] systemd[1]: Mounted POSIX Message Queue File System.
[[0;32m  OK  [0m] Mounted POSIX Message Queue File System.
[    4.130420] systemd[1]: Mounted Debug File System.
[[0;32m  OK  [0m] Mounted Debug File System.
[    4.131861] systemd[1]: Started Uncomplicated firewall.
[[0;32m  OK  [0m] Started Uncomplicated firewall.
[    4.133345] systemd[1]: Started Create list of required static device nodes for the current kernel.
[[0;32m  OK  [0m] Started Create list of required sta...ce nodes for the current kernel.
[    4.136523] systemd[1]: Started File System Check Daemon to report status.
[[0;32m  OK  [0m] Started File System Check Daemon to report status.
[    4.138476] systemd[1]: Started LVM2 metadata daemon.
[[0;32m  OK  [0m] Started LVM2 metadata daemon.
[    4.140146] systemd[1]: Starting Create Static Device Nodes in /dev...
         Starting Create Static Device Nodes in /dev...
[    4.141731] systemd[1]: Started Nameserver information manager.
[[0;32m  OK  [0m] Started Nameserver information manager.
[    4.149090] systemd[1]: Started File System Check on Root Device.
[[0;32m  OK  [0m] Started File System Check on Root Device.
[    4.150974] systemd[1]: Started Create Static Device Nodes in /dev.
[[0;32m  OK  [0m] Started Create Static Device Nodes in /dev.
[    4.153775] systemd[1]: Starting udev Kernel Device Manager...
         Starting udev Kernel Device Manager...
[    4.155965] systemd[1]: Starting Remount Root and Kernel File Systems...
         Starting Remount Root and Kernel File Systems...
[    4.161642] EXT4-fs (sda1): re-mounted. Opts: (null)
[    4.163304] systemd[1]: Started Remount Root and Kernel File Systems.
[[0;32m  OK  [0m] Started Remount Root and Kernel File Systems.
[    4.165516] systemd[1]: Starting udev Coldplug all Devices...
         Starting udev Coldplug all Devices...
[    4.166999] systemd[1]: Starting Load/Save Random Seed...
         Starting Load/Save Random Seed...
[    4.170512] systemd[1]: Started Journal Service.
[[0;32m  OK  [0m] Started Journal Service.
         Starting Flush Journal to Persistent Storage...
[[0;32m  OK  [0m] Started Load/Save Random Seed.
[    4.174710] iscsi: registered transport (iser)
[[0;32m  OK  [0m] Started Load Kernel Modules.
         Starting Apply Kernel Variables...
         Mounting FUSE Control File System...
[    4.182896] systemd-journald[389]: Received request to flush runtime journal from PID 1
[[0;32m  OK  [0m] Mounted FUSE Control File System.
[[0;32m  OK  [0m] Started Flush Journal to Persistent Storage.
[[0;32m  OK  [0m] Started Apply Kernel Variables.
[[0;32m  OK  [0m] Started udev Kernel Device Manager.
[[0;32m  OK  [0m] Started Set console keymap.
[[0;32m  OK  [0m] Started udev Coldplug all Devices.
[[0;32m  OK  [0m] Started Dispatch Password Requests to Console Directory Watch.
[[0;32m  OK  [0m] Started Monitoring of LVM2 mirrors,...ng dmeventd or progress polling.
[[0;32m  OK  [0m] Reached target Local File Systems (Pre).
[[0;32m  OK  [0m] Reached target Local File Systems.
         Starting Commit a transient machine-id on disk...
         Starting Initial cloud-init job (pre-networking)...
         Starting Create Volatile Files and Directories...
         Starting LSB: AppArmor initialization...
         Starting Set console font and keymap...
         Starting Tell Plymouth To Write Out Runtime Data...
[[0;32m  OK  [0m] Started Create Volatile Files and Directories.
         Starting Update UTMP about System Boot/Shutdown...
[[0;32m  OK  [0m] Started Update UTMP about System Boot/Shutdown.
[[0;32m  OK  [0m] Started Tell Plymouth To Write Out Runtime Data.
[[0;32m  OK  [0m] Started Commit a transient machine-id on disk.
[[0;32m  OK  [0m] Found device /dev/ttyS0.
[[0;32m  OK  [0m] Listening on Load/Save RF Kill Switch Status /dev/rfkill Watch.
[[0;32m  OK  [0m] Started Set console font and keymap.
[[0;32m  OK  [0m] Created slice system-getty.slice.
[[0;32m  OK  [0m] Started LSB: AppArmor initialization.
         Starting Load AppArmor profiles managed internally by snapd...
[[0;32m  OK  [0m] Started Load AppArmor profiles managed internally by snapd.
[    4.929038] cloud-init[490]: Cloud-init v. 21.1-19-gbad84ad4-0ubuntu1~16.04.2 running 'init-local' at Tue, 18 Oct 2022 22:41:23 +0000. Up 4.68 seconds.
[[0;32m  OK  [0m] Started Initial cloud-init job (pre-networking).
[[0;32m  OK  [0m] Reached target Network (Pre).
         Starting Raise network interfaces...
[[0;32m  OK  [0m] Started Raise network interfaces.
[[0;32m  OK  [0m] Reached target Network.
         Starting Initial cloud-init job (metadata service crawler)...
[    5.620422] cloud-init[947]: Cloud-init v. 21.1-19-gbad84ad4-0ubuntu1~16.04.2 running 'init' at Tue, 18 Oct 2022 22:41:24 +0000. Up 5.24 seconds.
[    5.621529] cloud-init[947]: ci-info: ++++++++++++++++++++++++++++++++++++++Net device info+++++++++++++++++++++++++++++++++++++++
[    5.622938] cloud-init[947]: ci-info: +--------+-------+----------------------------+---------------+--------+-------------------+
[    5.624331] cloud-init[947]: ci-info: | Device |   Up  |          Address           |      Mask     | Scope  |     Hw-Address    |
[    5.625632] cloud-init[947]: ci-info: +--------+-------+----------------------------+---------------+--------+-------------------+
[    5.626550] cloud-init[947]: ci-info: | enp0s3 |  True |         10.0.2.15          | 255.255.255.0 | global | 02:be:82:6b:cc:1d |
[    5.632370] cloud-init[947]: ci-info: | enp0s3 |  True | fe80::be:82ff:fe6b:cc1d/64 |       .       |  link  | 02:be:82:6b:cc:1d |
[    5.633444] cloud-init[947]: ci-info: | enp0s8 | False |             .              |       .       |   .    | 08:00:27:c0:19:22 |
[    5.634388] cloud-init[947]: ci-info: |   lo   |  True |         127.0.0.1          |   255.0.0.0   |  host  |         .         |
[    5.635330] cloud-init[947]: ci-info: |   lo   |  True |          ::1/128           |       .       |  host  |         .         |
[    5.636316] cloud-init[947]: ci-info: +--------+-------+----------------------------+---------------+--------+-------------------+
[    5.637362] cloud-init[947]: ci-info: +++++++++++++++++++++++++++Route IPv4 info++++++++++++++++++++++++++++
[    5.638304] cloud-init[947]: ci-info: +-------+-------------+----------+---------------+-----------+-------+
[    5.639238] cloud-init[947]: ci-info: | Route | Destination | Gateway  |    Genmask    | Interface | Flags |
[    5.640312] cloud-init[947]: ci-info: +-------+-------------+----------+---------------+-----------+-------+
[    5.641313] cloud-init[947]: ci-info: |   0   |   0.0.0.0   | 10.0.2.2 |    0.0.0.0    |   enp0s3  |   UG  |
[    5.642317] cloud-init[947]: ci-info: |   1   |   10.0.2.0  | 0.0.0.0  | 255.255.255.0 |   enp0s3  |   U   |
[    5.643257] cloud-init[947]: ci-info: +-------+-------------+----------+---------------+-----------+-------+
[    5.644162] cloud-init[947]: ci-info: +++++++++++++++++++Route IPv6 info+++++++++++++++++++
[    5.645604] cloud-init[947]: ci-info: +-------+-------------+---------+-----------+-------+
[    5.646624] cloud-init[947]: ci-info: | Route | Destination | Gateway | Interface | Flags |
[    5.647419] cloud-init[947]: ci-info: +-------+-------------+---------+-----------+-------+
[    5.648238] cloud-init[947]: ci-info: |   0   |  fe80::/64  |    ::   |   enp0s3  |   U   |
[    5.649027] cloud-init[947]: ci-info: |   3   |   ff00::/8  |    ::   |   enp0s3  |   U   |
[    5.649903] cloud-init[947]: ci-info: +-------+-------------+---------+-----------+-------+
[    5.650743] cloud-init[947]: Generating public/private rsa key pair.
[    5.651462] cloud-init[947]: Your identification has been saved in /etc/ssh/ssh_host_rsa_key.
[    5.652355] cloud-init[947]: Your public key has been saved in /etc/ssh/ssh_host_rsa_key.pub.
[    5.653236] cloud-init[947]: The key fingerprint is:
[    5.653853] cloud-init[947]: SHA256:AGA43x9szDRuffJN7anmJssIQmNAABBDDPPgLTRkwiU root@ubuntu-xenial
[    5.654720] cloud-init[947]: The key's randomart image is:
[    5.655385] cloud-init[947]: +---[RSA 2048]----+
[    5.656033] cloud-init[947]: |^E=o.            |
[    5.656594] cloud-init[947]: |BX+  .o          |
[    5.657211] cloud-init[947]: | =oo *.o     .   |
[[0;32m  OK  [0m] Started Initial cloud-init job (metadata service crawler).
[[0;32m  OK  [0m] Reached target System Initialization.
[[0;32m  OK  [0m] Started Ubuntu Advantage update messaging.
[    5.657802] cloud-init[947]: |  o.. O.o . . .  |
[    5.659716] [[0;32m  OK  [0m] Started ACPI Events Check.
[[0;32m  OK  [0m] Reached target Paths.
[[0;32m  OK  [0m] Listening on ACPID Listen Socket.
[[0;32m  OK  [0m] Listening on D-Bus System Message Bus Socket.
[[0;32m  OK  [0m] Started Daily apt download activities.
cloud-init[947]: |    ++ .S+ o . . |         Starting LXD - unix socket.
[[0;32m  OK  [0m] Started Daily apt upgrade and clean activities.
[[0;32m  OK  [0m] Started Message of the Day.
         Starting Socket activation for snappy daemon.
[[0;32m  OK  [0m] Listening on UUID daemon activation socket.
[[0;32m  OK  [0m] Started Daily Cleanup of Temporary Directories.
[[0;32m  OK  [0m] Reached target Timers.
[[0;32m  OK  [0m] Reached target Cloud-config availability.
[[0;32m  OK  [0m] Reached target Network is Online.

[    5.664751] cloud-init[947]: |   o ..   . . o  |
[    5.665324] cloud-init[947]: |    . .      .   |
[    5.665877] cloud-init[947]: |     . . o. +    |
[    5.666432] cloud-init[947]: |        . o*.    |
[    5.666979] cloud-init[947]: +----[SHA256]-----+
[    5.667529] cloud-init[947]: Generating public/private dsa key pair.
[    5.668206] cloud-init[947]: Your identification has been saved in /etc/ssh/ssh_host_dsa_key.
[    5.668992] cloud-init[947]: Your public key has been saved in /etc/ssh/ssh_host_dsa_key.pub.
[    5.669783] cloud-init[947]: The key fingerprint is:
[    5.670353] cloud-init[947]: SHA256:YGSoak5sLltGF508y0aYzTc1zqKCELv77aesYx1N1+M root@ubuntu-xenial
[    5.671163] cloud-init[947]: The key's randomart image is:
[    5.671760] cloud-init[947]: +---[DSA 1024]----+
[    5.672360] cloud-init[947]: |.    .o   o      |
[    5.672911] cloud-init[947]: | o  .X . + .     |
[    5.673450] cloud-init[947]: |o  .+ @ +.o      |
[    5.673953] cloud-init[947]: | o.. =.*.oo      |
[    5.674454] cloud-init[947]: |o.o oo=.S. .     |
[    5.674954] cloud-init[947]: |.B ..o.   E      |
[    5.675475] cloud-init[947]: |B o. .           |
[    5.675991] cloud-init         Starting iSCSI initiator daemon (iscsid)...
[[0;32m  OK  [0m] Listening on LXD - unix socket.
[[0;32m  OK  [0m] Listening on Socket activation for snappy daemon.
[[0;32m  OK  [0m] Reached target Sockets.
[[0;32m  OK  [0m] Reached target Basic System.
[947]: |.*oo. .          |
         Starting System Logging Service...
[    5.678255] cloud-init[947]: |ooo+=o           |
[    5.678912] cloud-init         Starting Pollinate to seed the pseudo random number generator...
         Starting Login Service...
[[0;32m  OK  [0m] Started Deferred execution scheduler.
         Starting LSB: Record successful boot for GRUB...
         Starting LSB: MD monitoring daemon...
[947]: +----[SHA256]-----+
         Starting Virtualbox guest utils...
[[0;32m  OK  [0m] Started D-Bus System Message Bus.
[    5.691710] cloud-init[947]: Generating public/private ecdsa key pair.
[    5.693772] cloud-init[947]: Your identification has been saved in /etc/ssh/ssh_host_ecdsa_key.
[    5.695248] cloud-init[947]: Your public key has been saved in /etc/ssh/ssh_host_ecdsa_key.pub.
[    5.696457] cloud-init[947]: The key fingerprint is:
[    5.697060] cloud-init[947]: SHA256:Rl7Em5Z2pPqZFbXMD2SGXj2HFBY/aqnHg12Omz8OkJs root@ubuntu-xenial
[    5.697912] cloud-init[947]: The key's randomart image is:
[    5.698542] cloud-init[947]: +---[ECDSA 256]---+
[    5.699154] cloud-init[947]: |         ..  o== |
[    5.699711] cloud-init[947]: |         .. o.Boo|
[    5.700823] cloud-init[947]: |        . .B O o+|
[    5.701748] cloud-init[947]: |       o .B = B .|
[    5.702963] cloud-init[947]: |        S+ + = + |
[    5.703983] cloud-init[947]: |       ..   @ + .|
[    5.705189] cloud-init[947]: |         . E B . |
[    5.705782] cloud-init[947]: |          + . =. |
[    5.706344] cloud-init[947]: |             ooo.|
[    5.706931] cloud-init[947]: +----[SHA256]-----+
[    5.707513] cloud-init[947]: Generating public/private ed25519 key pair.
[    5.708265] cloud-init[947]: Your identification has been saved in /etc/ssh/ssh_host_ed25519_key.
[    5.709147] cloud-init[947]: Your public key has been saved in /etc/ssh/ssh_host_ed25519_key.pub.
[    5.710038] cloud-init[947]: The key fingerprint is:
[    5.710648] cloud-init[947]: SHA256:VgT3tTnjjyeLWdvPsce1W0eUyJRUxL1Yc/VOHvI7vB0 root@ubuntu-xenial
[    5.711612] cloud-init[947]: The key's randomart image is:
[    5.712356] cloud-init[947]: +--[ED25519 256]--+
[    5.712979] cloud-init[947]: |        ..o .o*o+|
[    5.713545] cloud-init[947]: |         o .oo.*=|
[[0;32m  OK  [0m] Started Regular background program processing daemon.
         Starting Accounts Service...
[[0;32m  OK  [0m] Started ACPI event daemon.
         Starting /etc/rc.local Compatibility...
[[0;32m  OK  [0m] Started FUSE filesystem for LXC.
         Starting Snap Daemon...
[    5.725740]          Starting LXD - container startup/shutdown...
[[0;32m  OK  [0m] Started System Logging Service.
cloud-init[947]: |          . .+BoB|
[    5.734665] [[0;32m  OK  [0m] Started Login Service.
[[0;32m  OK  [0m] Started Unattended Upgrades Shutdown.
[[0;32m  OK  [0m] Started /etc/rc.local Compatibility.
cloud-init[947]: |         .   ooO.|
[    5.744792] cloud-init[947]: |        S     ..+|
[    5.745575] cloud-init[947]: |       .      .+o|
[    5.746818] cloud-init[947]: |              +EB|
[    5.747667] cloud-init[947]: |             + O%|
[    5.748608] cloud-init[947]: |            o o+O|
[    5.749592] cloud-init[947]: +----[SHA256]-----+
[[0;32m  OK  [0m] Started iSCSI initiator daemon (iscsid).
         Starting Login to default iSCSI targets...
[[0;32m  OK  [0m] Started LSB: Record successful boot for GRUB.
[[0;32m  OK  [0m] Started LSB: MD monitoring daemon.
[[0;32m  OK  [0m] Started Login to default iSCSI targets.
[[0;32m  OK  [0m] Reached target Remote File Systems (Pre).
[[0;32m  OK  [0m] Reached target Remote File Systems.
         Starting LSB: daemon to balance interrupts for SMP systems...
         Starting LSB: Set the CPU Frequency Scaling governor to "ondemand"...
         Starting Permit User Sessions...
         Starting LSB: automatic crash report generation...
[[0;32m  OK  [0m] Started Permit User Sessions.
         Starting Hold until boot process finishes up...
         Starting Terminate Plymouth Boot Screen...
[[0;32m  OK  [0m] Started Hold until boot process finishes up.
[[0;32m  OK  [0m] Started Getty on tty1.
         Starting Set console scheme...
[[0;32m  OK  [0m] Started Serial Getty on ttyS0.
[[0;32m  OK  [0m] Reached target Login Prompts.
[[0;32m  OK  [0m] Started Set console scheme.
[[0;32m  OK  [0m] Started Terminate Plymouth Boot Screen.
[[0;32m  OK  [0m] Started LSB: Set the CPU Frequency Scaling governor to "ondemand".
[[0;32m  OK  [0m] Started LXD - container startup/shutdown.
[[0;32m  OK  [0m] Started LSB: daemon to balance interrupts for SMP systems.
         Starting Authenticate and Authorize Users to Run Privileged Tasks...
[[0;32m  OK  [0m] Started LSB: automatic crash report generation.
[[0;32m  OK  [0m] Started Virtualbox guest utils.
[[0;32m  OK  [0m] Started Authenticate and Authorize Users to Run Privileged Tasks.
[[0;32m  OK  [0m] Started Accounts Service.
[[0;32m  OK  [0m] Started Snap Daemon.
         Starting Wait until snapd is fully seeded...
[[0;32m  OK  [0m] Started Pollinate to seed the pseudo random number generator.
         Starting OpenBSD Secure Shell server...
[[0;32m  OK  [0m] Started OpenBSD Secure Shell server.
[[0;32m  OK  [0m] Started Wait until snapd is fully seeded.
         Starting Apply the settings specified in cloud-config...
[[0;32m  OK  [0m] Reached target Multi-User System.
[[0;32m  OK  [0m] Reached target Graphical Interface.
         Starting Update UTMP about System Runlevel Changes...
[[0;32m  OK  [0m] Started Update UTMP about System Runlevel Changes.
[    9.248957] cloud-init[1302]: Generating locales (this might take a while)...
[    9.728617] cloud-init[1302]:   en_US.UTF-8... done
[    9.729618] cloud-init[1302]: Generation complete.
[    9.923840] cloud-init[1302]: Cloud-init v. 21.1-19-gbad84ad4-0ubuntu1~16.04.2 running 'modules:config' at Tue, 18 Oct 2022 22:41:28 +0000. Up 9.18 seconds.
[[0;32m  OK  [0m] Started Apply the settings specified in cloud-config.
         Starting Execute cloud user/final scripts...
ci-info: no authorized SSH keys fingerprints found for user ubuntu.
<14>Oct 18 22:41:29 ec2: 
<14>Oct 18 22:41:29 ec2: #############################################################
<14>Oct 18 22:41:29 ec2: -----BEGIN SSH HOST KEY FINGERPRINTS-----
<14>Oct 18 22:41:29 ec2: 1024 SHA256:YGSoak5sLltGF508y0aYzTc1zqKCELv77aesYx1N1+M root@ubuntu-xenial (DSA)
<14>Oct 18 22:41:29 ec2: 256 SHA256:Rl7Em5Z2pPqZFbXMD2SGXj2HFBY/aqnHg12Omz8OkJs root@ubuntu-xenial (ECDSA)
<14>Oct 18 22:41:29 ec2: 256 SHA256:VgT3tTnjjyeLWdvPsce1W0eUyJRUxL1Yc/VOHvI7vB0 root@ubuntu-xenial (ED25519)
<14>Oct 18 22:41:29 ec2: 2048 SHA256:AGA43x9szDRuffJN7anmJssIQmNAABBDDPPgLTRkwiU root@ubuntu-xenial (RSA)
<14>Oct 18 22:41:29 ec2: -----END SSH HOST KEY FINGERPRINTS-----
<14>Oct 18 22:41:29 ec2: #############################################################
-----BEGIN SSH HOST KEY KEYS-----
ecdsa-sha2-nistp256 AAAAE2VjZHNhLXNoYTItbmlzdHAyNTYAAAAIbmlzdHAyNTYAAABBBM9Y5zXcjNQ4PSTFvnWQ+OB5iyYEnSODyZEFtKG70XSOI6uDlZMZOHd5y11R8wbb4GaN8zOeZkQZ/RCda/793i0= root@ubuntu-xenial
ssh-ed25519 AAAAC3NzaC1lZDI1NTE5AAAAICuK8HlLmJ0gfZSD/miD0XVnWXtOAMmbLKOhfY9N6VIL root@ubuntu-xenial
ssh-rsa AAAAB3NzaC1yc2EAAAADAQABAAABAQC7XGH8uVMwIcttK+iLBHthniJ6E0BpDw/sv1ne7o1YCZs1cFf1xqRzsKUSpgwtjIgcL2sokZYgTfYKW/d5SXNniMehJfI+tKWBJeJekg0JfDSIPJ9hyGqM3ZfLFwrcS+8R4PxBZ+pd2YfOGmBGUJsyE/sZGP4e41uVFNBgQIjYRZit1VDXuiX91yp/tGLUmCPNVj6kGfsr3fCvsPBPnJv7Auj12CbxM7EiPnWIfWo4oacn8sdzPE0kKnkxoTn5eutKCTbz/0te70tFl7CARj9esXBqZL0PJAzPWHdkD1cUM3d/MK+weuR6binRQ8aFZk8BTG01dgxXhEGxHNMdO6PX root@ubuntu-xenial
-----END SSH HOST KEY KEYS-----
[   10.218204] cloud-init[1345]: Cloud-init v. 21.1-19-gbad84ad4-0ubuntu1~16.04.2 running 'modules:final' at Tue, 18 Oct 2022 22:41:29 +0000. Up 10.12 seconds.
[   10.219569] cloud-init[1345]: ci-info: no authorized SSH keys fingerprints found for user ubuntu.
[   10.220520] cloud-init[1345]: Cloud-init v. 21.1-19-gbad84ad4-0ubuntu1~16.04.2 finished at Tue, 18 Oct 2022 22:41:29 +0000. Datasource DataSourceNoCloud [seed=/dev/sdb][dsmode=net].  Up 10.21 seconds
[[0;32m  OK  [0m] Started Execute cloud user/final scripts.
[[0;32m  OK  [0m] Reached target Cloud-init target.

Ubuntu 16.04.7 LTS ubuntu-xenial ttyS0

ubuntu-xenial login:          Stopping Daemon for generating UUIDs...
         Stopping Session 3 of user vagrant.
[[0;32m  OK  [0m] Stopped target Timers.
[[0;32m  OK  [0m] Stopped Ubuntu Advantage Timer for running repeated jobs.
[[0;32m  OK  [0m] Stopped Daily apt upgrade and clean activities.
[[0;32m  OK  [0m] Stopped Daily apt download activities.
[[0;32m  OK  [0m] Stopped Discard unused blocks once a week.
[[0;32m  OK  [0m] Stopped target Cloud-init target.
[[0;32m  OK  [0m] Stopped Execute cloud user/final scripts.
[[0;32m  OK  [0m] Closed Load/Save RF Kill Switch Status /dev/rfkill Watch.
         Stopping Availability of block devices...
[[0;32m  OK  [0m] Stopped Apply the settings specified in cloud-config.
[[0;32m  OK  [0m] Stopped target Cloud-config availability.
[[0;32m  OK  [0m] Stopped Daily Cleanup of Temporary Directories.
[[0;32m  OK  [0m] Stopped target Graphical Interface.
         Stopping Accounts Service...
[[0;32m  OK  [0m] Stopped target Multi-User System.
         Stopping irqbalance daemon...
         Stopping Deferred execution scheduler...
         Stopping Unattended Upgrades Shutdown...
         Stopping Regular background program processing daemon...
         Stopping FUSE filesystem for LXC...
         Stopping OpenBSD Secure Shell server...
[[0;32m  OK  [0m] Stopped Set the CPU Frequency Scaling governor.
[[0;32m  OK  [0m] Stopped Wait until snapd is fully seeded.
         Stopping Dispatcher daemon for systemd-networkd...
         Stopping LXD - container startup/shutdown...
         Stopping Virtualbox guest utils...
         Stopping LSB: Record successful boot for GRUB...
         Stopping LSB: automatic crash report generation...
         Stopping User Manager for UID 1000...
[[0;32m  OK  [0m] Stopped target Login Prompts.
         Stopping Getty on tty1...
         Stopping Serial Getty on ttyS0...
         Stopping D-Bus System Message Bus...
         Stopping System Logging Service...
[[0;32m  OK  [0m] Stopped Message of the Day.
[[0;32m  OK  [0m] Stopped target System Time Synchronized.
[[0;32m  OK  [0m] Unmounted /var/lib/lxcfs.
[[0;32m  OK  [0m] Stopped Getty on tty1.
[[0;32m  OK  [0m] Stopped Serial Getty on ttyS0.
[[0;32m  OK  [0m] Stopped User Manager for UID 1000.
[[0;32m  OK  [0m] Stopped Regular background program processing daemon.
[[0;32m  OK  [0m] Stopped Deferred execution scheduler.
[[0;32m  OK  [0m] Stopped Accounts Service.
[[0;32m  OK  [0m] Stopped Daemon for generating UUIDs.
[[0;32m  OK  [0m] Stopped OpenBSD Secure Shell server.
[[0;32m  OK  [0m] Stopped Dispatcher daemon for systemd-networkd.
[[0;32m  OK  [0m] Stopped System Logging Service.
[[0;32m  OK  [0m] Stopped irqbalance daemon.
[[0;32m  OK  [0m] Stopped FUSE filesystem for LXC.
[[0;32m  OK  [0m] Stopped D-Bus System Message Bus.
[[0;32m  OK  [0m] Stopped Session 3 of user vagrant.
[[0;32m  OK  [0m] Stopped Availability of block devices.
[[0;32m  OK  [0m] Removed slice User Slice of vagrant.
[[0;32m  OK  [0m] Removed slice system-serial\x2dgetty.slice.
[[0;32m  OK  [0m] Stopped /etc/rc.local Compatibility.
[[0;32m  OK  [0m] Removed slice system-getty.slice.
         Stopping Permit User Sessions...
[[0;32m  OK  [0m] Stopped Unattended Upgrades Shutdown.
[[0;32m  OK  [0m] Stopped LXD - container startup/shutdown.
[[0;32m  OK  [0m] Stopped Virtualbox guest utils.
[[0;32m  OK  [0m] Stopped LSB: Record successful boot for GRUB.
[[0;32m  OK  [0m] Stopped LSB: automatic crash report generation.
         Stopping Login Service...
[[0;32m  OK  [0m] Stopped Permit User Sessions.
[[0;32m  OK  [0m] Stopped target Remote File Systems.
         Unmounting /vagrant...
[[0;32m  OK  [0m] Unmounted /vagrant.
[[0;32m  OK  [0m] Stopped target Remote File Systems (Pre).
         Stopping Login to default iSCSI targets...
[[0;32m  OK  [0m] Stopped Login to default iSCSI targets.
         Stopping iSCSI initiator daemon (iscsid)...
[[0;32m  OK  [0m] Stopped iSCSI initiator daemon (iscsid).
[[0;32m  OK  [0m] Stopped target Network is Online.
[[0;32m  OK  [0m] Stopped target Network.
[[0;32m  OK  [0m] Stopped Login Service.
[[0;32m  OK  [0m] Stopped target Basic System.
[[0;32m  OK  [0m] Stopped target Slices.
[[0;32m  OK  [0m] Stopped target Sockets.
[[0;32m  OK  [0m] Closed Syslog Socket.
[[0;32m  OK  [0m] Closed ACPID Listen Socket.
[[0;32m  OK  [0m] Closed UUID daemon activation socket.
[[0;32m  OK  [0m] Closed Socket activation for snappy daemon.
[[0;32m  OK  [0m] Closed LXD - unix socket.
[[0;32m  OK  [0m] Stopped target Paths.
[[0;32m  OK  [0m] Stopped resolvconf-pull-resolved.path.
[[0;32m  OK  [0m] Removed slice User and Session Slice.
[[0;32m  OK  [0m] Stopped target User and Group Name Lookups.
[[0;32m  OK  [0m] Closed D-Bus System Message Bus Socket.
[[0;32m  OK  [0m] Stopped target System Initialization.
[[0;32m  OK  [0m] Stopped Initial cloud-init job (metadata service crawler).
         Stopping Raise network interfaces...
         Stopping Load/Save Random Seed...
[[0;32m  OK  [0m] Stopped target Local Encrypted Volumes.
[[0;32m  OK  [0m] Stopped Dispatch Password Requests to Console Directory Watch.
[[0;32m  OK  [0m] Stopped Forward Password Requests to Wall Directory Watch.
         Stopping Update UTMP about System Boot/Shutdown...
[[0;32m  OK  [0m] Stopped Commit a transient machine-id on disk.
[[0;32m  OK  [0m] Stopped Load/Save Random Seed.
[[0;32m  OK  [0m] Stopped Update UTMP about System Boot/Shutdown.
[[0;32m  OK  [0m] Stopped Create Volatile Files and Directories.
[[0;32m  OK  [0m] Stopped Raise network interfaces.
[[0;32m  OK  [0m] Stopped target Local File Systems.
         Unmounting /run/user/1000...
[[0;32m  OK  [0m] Stopped target Network (Pre).
[[0;32m  OK  [0m] Stopped Initial cloud-init job (pre-networking).
[[0;32m  OK  [0m] Stopped Apply Kernel Variables.
[[0;32m  OK  [0m] Stopped Load Kernel Modules.
[[0;32m  OK  [0m] Unmounted /run/user/1000.
[[0;32m  OK  [0m] Reached target Unmount All Filesystems.
[[0;32m  OK  [0m] Stopped target Local File Systems (Pre).
         Stopping Monitoring of LVM2 mirrors…ng dmeventd or progress polling...
[[0;32m  OK  [0m] Stopped Remount Root and Kernel File Systems.
[[0;32m  OK  [0m] Stopped Create Static Device Nodes in /dev.
[[0;32m  OK  [0m] Stopped target Swap.
[[0;32m  OK  [0m] Reached target Shutdown.
[[0;32m  OK  [0m] Reached target Final Step.
         Starting Reboot...
[[0;32m  OK  [0m] Stopped Monitoring of LVM2 mirrors,…sing dmeventd or progress polling.
         Stopping LVM2 metadata daemon...
[[0;32m  OK  [0m] Stopped LVM2 metadata daemon.
[  690.942219] reboot: Restarting system
[    0.000000] Linux version 4.15.0-194-generic (buildd@lcy02-amd64-052) (gcc version 7.5.0 (Ubuntu 7.5.0-3ubuntu1~18.04)) #205-Ubuntu SMP Fri Sep 16 19:49:27 UTC 2022 (Ubuntu 4.15.0-194.205-generic 4.15.18)
[    0.000000] Command line: BOOT_IMAGE=/boot/vmlinuz-4.15.0-194-generic root=UUID=d733b143-dffd-45ac-b6a6-51fd97f3afd8 ro console=tty1 console=ttyS0
[    0.000000] KERNEL supported cpus:
[    0.000000]   Intel GenuineIntel
[    0.000000]   AMD AuthenticAMD
[    0.000000]   Centaur CentaurHauls
[    0.000000] x86/fpu: Supporting XSAVE feature 0x001: 'x87 floating point registers'
[    0.000000] x86/fpu: Supporting XSAVE feature 0x002: 'SSE registers'
[    0.000000] x86/fpu: Supporting XSAVE feature 0x004: 'AVX registers'
[    0.000000] x86/fpu: xstate_offset[2]:  576, xstate_sizes[2]:  256
[    0.000000] x86/fpu: Enabled xstate features 0x7, context size is 832 bytes, using 'standard' format.
[    0.000000] e820: BIOS-provided physical RAM map:
[    0.000000] BIOS-e820: [mem 0x0000000000000000-0x000000000009fbff] usable
[    0.000000] BIOS-e820: [mem 0x000000000009fc00-0x000000000009ffff] reserved
[    0.000000] BIOS-e820: [mem 0x00000000000f0000-0x00000000000fffff] reserved
[    0.000000] BIOS-e820: [mem 0x0000000000100000-0x000000003ffeffff] usable
[    0.000000] BIOS-e820: [mem 0x000000003fff0000-0x000000003fffffff] ACPI data
[    0.000000] BIOS-e820: [mem 0x00000000fec00000-0x00000000fec00fff] reserved
[    0.000000] BIOS-e820: [mem 0x00000000fee00000-0x00000000fee00fff] reserved
[    0.000000] BIOS-e820: [mem 0x00000000fffc0000-0x00000000ffffffff] reserved
[    0.000000] NX (Execute Disable) protection: active
[    0.000000] SMBIOS 2.5 present.
[    0.000000] DMI: innotek GmbH VirtualBox/VirtualBox, BIOS VirtualBox 12/01/2006
[    0.000000] Hypervisor detected: KVM
[    0.000000] e820: last_pfn = 0x3fff0 max_arch_pfn = 0x400000000
[    0.000000] MTRR: Disabled
[    0.000000] x86/PAT: MTRRs disabled, skipping PAT initialization too.
[    0.000000] CPU MTRRs all blank - virtualized system.
[    0.000000] x86/PAT: Configuration [0-7]: WB  WT  UC- UC  WB  WT  UC- UC  
[    0.000000] found SMP MP-table at [mem 0x0009fff0-0x0009ffff]
[    0.000000] Scanning 1 areas for low memory corruption
[    0.000000] RAMDISK: [mem 0x30b31000-0x3458ffff]
[    0.000000] ACPI: Early table checksum verification disabled
[    0.000000] ACPI: RSDP 0x00000000000E0000 000024 (v02 VBOX  )
[    0.000000] ACPI: XSDT 0x000000003FFF0030 00003C (v01 VBOX   VBOXXSDT 00000001 ASL  00000061)
[    0.000000] ACPI: FACP 0x000000003FFF00F0 0000F4 (v04 VBOX   VBOXFACP 00000001 ASL  00000061)
[    0.000000] ACPI: DSDT 0x000000003FFF0470 002325 (v02 VBOX   VBOXBIOS 00000002 INTL 20200925)
[    0.000000] ACPI: FACS 0x000000003FFF0200 000040
[    0.000000] ACPI: FACS 0x000000003FFF0200 000040
[    0.000000] ACPI: APIC 0x000000003FFF0240 00005C (v02 VBOX   VBOXAPIC 00000001 ASL  00000061)
[    0.000000] ACPI: SSDT 0x000000003FFF02A0 0001CC (v01 VBOX   VBOXCPUT 00000002 INTL 20200925)
[    0.000000] ACPI: Reserving FACP table memory at [mem 0x3fff00f0-0x3fff01e3]
[    0.000000] ACPI: Reserving DSDT table memory at [mem 0x3fff0470-0x3fff2794]
[    0.000000] ACPI: Reserving FACS table memory at [mem 0x3fff0200-0x3fff023f]
[    0.000000] ACPI: Reserving FACS table memory at [mem 0x3fff0200-0x3fff023f]
[    0.000000] ACPI: Reserving APIC table memory at [mem 0x3fff0240-0x3fff029b]
[    0.000000] ACPI: Reserving SSDT table memory at [mem 0x3fff02a0-0x3fff046b]
[    0.000000] No NUMA configuration found
[    0.000000] Faking a node at [mem 0x0000000000000000-0x000000003ffeffff]
[    0.000000] NODE_DATA(0) allocated [mem 0x3ffc5000-0x3ffeffff]
[    0.000000] kvm-clock: cpu 0, msr 0:3ff44001, primary cpu clock
[    0.000000] kvm-clock: Using msrs 4b564d01 and 4b564d00
[    0.000000] kvm-clock: using sched offset of 3990948453 cycles
[    0.000000] clocksource: kvm-clock: mask: 0xffffffffffffffff max_cycles: 0x1cd42e4dffb, max_idle_ns: 881590591483 ns
[    0.000000] Zone ranges:
[    0.000000]   DMA      [mem 0x0000000000001000-0x0000000000ffffff]
[    0.000000]   DMA32    [mem 0x0000000001000000-0x000000003ffeffff]
[    0.000000]   Normal   empty
[    0.000000]   Device   empty
[    0.000000] Movable zone start for each node
[    0.000000] Early memory node ranges
[    0.000000]   node   0: [mem 0x0000000000001000-0x000000000009efff]
[    0.000000]   node   0: [mem 0x0000000000100000-0x000000003ffeffff]
[    0.000000] Reserved but unavailable: 104 pages
[    0.000000] Initmem setup node 0 [mem 0x0000000000001000-0x000000003ffeffff]
[    0.000000] ACPI: PM-Timer IO Port: 0x4008
[    0.000000] IOAPIC[0]: apic_id 2, version 32, address 0xfec00000, GSI 0-23
[    0.000000] ACPI: INT_SRC_OVR (bus 0 bus_irq 0 global_irq 2 dfl dfl)
[    0.000000] ACPI: INT_SRC_OVR (bus 0 bus_irq 9 global_irq 9 low level)
[    0.000000] Using ACPI (MADT) for SMP configuration information
[    0.000000] smpboot: Allowing 2 CPUs, 0 hotplug CPUs
[    0.000000] PM: Registered nosave memory: [mem 0x00000000-0x00000fff]
[    0.000000] PM: Registered nosave memory: [mem 0x0009f000-0x0009ffff]
[    0.000000] PM: Registered nosave memory: [mem 0x000a0000-0x000effff]
[    0.000000] PM: Registered nosave memory: [mem 0x000f0000-0x000fffff]
[    0.000000] e820: [mem 0x40000000-0xfebfffff] available for PCI devices
[    0.000000] Booting paravirtualized kernel on KVM
[    0.000000] clocksource: refined-jiffies: mask: 0xffffffff max_cycles: 0xffffffff, max_idle_ns: 7645519600211568 ns
[    0.000000] setup_percpu: NR_CPUS:8192 nr_cpumask_bits:2 nr_cpu_ids:2 nr_node_ids:1
[    0.000000] percpu: Embedded 50 pages/cpu s167936 r8192 d28672 u1048576
[    0.000000] PV qspinlock hash table entries: 256 (order: 0, 4096 bytes)
[    0.000000] Built 1 zonelists, mobility grouping on.  Total pages: 257913
[    0.000000] Policy zone: DMA32
[    0.000000] Kernel command line: BOOT_IMAGE=/boot/vmlinuz-4.15.0-194-generic root=UUID=d733b143-dffd-45ac-b6a6-51fd97f3afd8 ro console=tty1 console=ttyS0
[    0.000000] Memory: 942408K/1048120K available (12300K kernel code, 2477K rwdata, 4320K rodata, 2472K init, 2720K bss, 105712K reserved, 0K cma-reserved)
[    0.000000] SLUB: HWalign=64, Order=0-3, MinObjects=0, CPUs=2, Nodes=1
[    0.000000] Kernel/User page tables isolation: enabled
[    0.000000] ftrace: allocating 39477 entries in 155 pages
[    0.004000] Hierarchical RCU implementation.
[    0.004000] 	RCU restricting CPUs from NR_CPUS=8192 to nr_cpu_ids=2.
[    0.004000] 	Tasks RCU enabled.
[    0.004000] RCU: Adjusting geometry for rcu_fanout_leaf=16, nr_cpu_ids=2
[    0.004000] NR_IRQS: 524544, nr_irqs: 440, preallocated irqs: 16
[    0.004000] random: crng init done
[    0.004000] Console: colour VGA+ 80x25
[    0.004000] console [tty1] enabled
[    0.004000] console [ttyS0] enabled
[    0.004000] ACPI: Core revision 20170831
[    0.004000] ACPI: 2 ACPI AML tables successfully acquired and loaded
[    0.004000] APIC: Switch to symmetric I/O mode setup
[    0.004000] x2apic enabled
[    0.004000] Switched APIC routing to physical x2apic.
[    0.004000] ..TIMER: vector=0x30 apic1=0 pin1=2 apic2=-1 pin2=-1
[    0.004000] tsc: Detected 2611.198 MHz processor
[    0.004000] Calibrating delay loop (skipped) preset value.. 5222.39 BogoMIPS (lpj=10444792)
[    0.004005] pid_max: default: 32768 minimum: 301
[    0.004490] Security Framework initialized
[    0.004914] Yama: becoming mindful.
[    0.005294] AppArmor: AppArmor initialized
[    0.006142] Dentry cache hash table entries: 131072 (order: 8, 1048576 bytes)
[    0.007005] Inode-cache hash table entries: 65536 (order: 7, 524288 bytes)
[    0.008009] Mount-cache hash table entries: 2048 (order: 2, 16384 bytes)
[    0.008771] Mountpoint-cache hash table entries: 2048 (order: 2, 16384 bytes)
[    0.009997] Last level iTLB entries: 4KB 0, 2MB 0, 4MB 0
[    0.010594] Last level dTLB entries: 4KB 0, 2MB 0, 4MB 0, 1GB 0
[    0.011242] Spectre V1 : Mitigation: usercopy/swapgs barriers and __user pointer sanitization
[    0.012003] Spectre V2 : Mitigation: Retpolines
[    0.012512] Spectre V2 : Spectre v2 / SpectreRSB mitigation: Filling RSB on context switch
[    0.013411] Speculative Store Bypass: Vulnerable
[    0.013969] MDS: Mitigation: Clear CPU buffers
[    0.014887] Freeing SMP alternatives memory: 36K
[    0.125939] smpboot: CPU0: 11th Gen Intel(R) Core(TM) i5-1145G7 @ 2.60GHz (family: 0x6, model: 0x8c, stepping: 0x1)
[    0.127641] Performance Events: unsupported p6 CPU model 140 no PMU driver, software events only.
[    0.128000] Hierarchical SRCU implementation.
[    0.128000] NMI watchdog: Perf event create on CPU 0 failed with -2
[    0.128001] NMI watchdog: Perf NMI watchdog permanently disabled
[    0.128632] smp: Bringing up secondary CPUs ...
[    0.129150] x86: Booting SMP configuration:
[    0.129587] .... node  #0, CPUs:      #1
[    0.004000] kvm-clock: cpu 1, msr 0:3ff44041, secondary cpu clock
[    0.132016] smp: Brought up 1 node, 2 CPUs
[    0.132434] smpboot: Max logical packages: 1
[    0.132924] smpboot: Total of 2 processors activated (10444.79 BogoMIPS)
[    0.133712] devtmpfs: initialized
[    0.133712] x86/mm: Memory block size: 128MB
[    0.133712] evm: security.selinux
[    0.136004] evm: security.SMACK64
[    0.136364] evm: security.SMACK64EXEC
[    0.136752] evm: security.SMACK64TRANSMUTE
[    0.137181] evm: security.SMACK64MMAP
[    0.137570] evm: security.apparmor
[    0.137952] evm: security.ima
[    0.138290] evm: security.capability
[    0.138700] clocksource: jiffies: mask: 0xffffffff max_cycles: 0xffffffff, max_idle_ns: 7645041785100000 ns
[    0.138700] futex hash table entries: 512 (order: 3, 32768 bytes)
[    0.140036] pinctrl core: initialized pinctrl subsystem
[    0.140830] RTC time: 22:52:54, date: 10/18/22
[    0.141400] NET: Registered protocol family 16
[    0.141909] audit: initializing netlink subsys (disabled)
[    0.142473] audit: type=2000 audit(1666133579.206:1): state=initialized audit_enabled=0 res=1
[    0.142473] cpuidle: using governor ladder
[    0.144007] cpuidle: using governor menu
[    0.144445] ACPI: bus type PCI registered
[    0.144870] acpiphp: ACPI Hot Plug PCI Controller Driver version: 0.5
[    0.145567] PCI: Using configuration type 1 for base access
[    0.146148] HugeTLB registered 2.00 MiB page size, pre-allocated 0 pages
[    0.148045] ACPI: Added _OSI(Module Device)
[    0.148486] ACPI: Added _OSI(Processor Device)
[    0.148944] ACPI: Added _OSI(3.0 _SCP Extensions)
[    0.149424] ACPI: Added _OSI(Processor Aggregator Device)
[    0.149968] ACPI: Added _OSI(Linux-Dell-Video)
[    0.150425] ACPI: Added _OSI(Linux-Lenovo-NV-HDMI-Audio)
[    0.150971] ACPI: Added _OSI(Linux-HPI-Hybrid-Graphics)
[    0.151693] ACPI: Executed 1 blocks of module-level executable AML code
[    0.154051] ACPI: Interpreter enabled
[    0.154476] ACPI: (supports S0 S5)
[    0.154843] ACPI: Using IOAPIC for interrupt routing
[    0.155512] PCI: Using host bridge windows from ACPI; if necessary, use "pci=nocrs" and report a bug
[    0.156121] ACPI: Enabled 2 GPEs in block 00 to 07
[    0.160000] ACPI: PCI Root Bridge [PCI0] (domain 0000 [bus 00-ff])
[    0.160000] acpi PNP0A03:00: _OSC: OS supports [ASPM ClockPM Segments MSI]
[    0.160296] acpi PNP0A03:00: _OSC: not requesting OS control; OS requires [ExtendedConfig ASPM ClockPM MSI]
[    0.164007] acpi PNP0A03:00: fail to add MMCONFIG information, can't access extended PCI configuration space under this bridge.
[    0.165364] PCI host bridge to bus 0000:00
[    0.165824] pci_bus 0000:00: root bus resource [io  0x0000-0x0cf7 window]
[    0.166491] pci_bus 0000:00: root bus resource [io  0x0d00-0xffff window]
[    0.167178] pci_bus 0000:00: root bus resource [mem 0x000a0000-0x000bffff window]
[    0.168001] pci_bus 0000:00: root bus resource [mem 0x40000000-0xfdffffff window]
[    0.169174] pci_bus 0000:00: root bus resource [bus 00-ff]
[    0.170800] pci 0000:00:01.1: legacy IDE quirk: reg 0x10: [io  0x01f0-0x01f7]
[    0.172001] pci 0000:00:01.1: legacy IDE quirk: reg 0x14: [io  0x03f6]
[    0.172676] pci 0000:00:01.1: legacy IDE quirk: reg 0x18: [io  0x0170-0x0177]
[    0.173374] pci 0000:00:01.1: legacy IDE quirk: reg 0x1c: [io  0x0376]
[    0.181850] pci 0000:00:07.0: quirk: [io  0x4000-0x403f] claimed by PIIX4 ACPI
[    0.182650] pci 0000:00:07.0: quirk: [io  0x4100-0x410f] claimed by PIIX4 SMB
[    0.187857] ACPI: PCI Interrupt Link [LNKA] (IRQs 5 9 10 *11)
[    0.188186] ACPI: PCI Interrupt Link [LNKB] (IRQs 5 9 *10 11)
[    0.188866] ACPI: PCI Interrupt Link [LNKC] (IRQs 5 *9 10 11)
[    0.189510] ACPI: PCI Interrupt Link [LNKD] (IRQs 5 9 10 *11)
[    0.190348] SCSI subsystem initialized
[    0.190799] pci 0000:00:02.0: vgaarb: setting as boot VGA device
[    0.190799] pci 0000:00:02.0: vgaarb: VGA device added: decodes=io+mem,owns=io+mem,locks=none
[    0.192006] pci 0000:00:02.0: vgaarb: bridge control possible
[    0.192581] vgaarb: loaded
[    0.192901] ACPI: bus type USB registered
[    0.193336] usbcore: registered new interface driver usbfs
[    0.193891] usbcore: registered new interface driver hub
[    0.194429] usbcore: registered new device driver usb
[    0.194987] EDAC MC: Ver: 3.0.0
[    0.196136] PCI: Using ACPI for IRQ routing
[    0.196628] NetLabel: Initializing
[    0.197006] NetLabel:  domain hash size = 128
[    0.197508] NetLabel:  protocols = UNLABELED CIPSOv4 CALIPSO
[    0.198120] NetLabel:  unlabeled traffic allowed by default
[    0.198696] clocksource: Switched to clocksource kvm-clock
[    0.203463] VFS: Disk quotas dquot_6.6.0
[    0.203959] VFS: Dquot-cache hash table entries: 512 (order 0, 4096 bytes)
[    0.204740] AppArmor: AppArmor Filesystem Enabled
[    0.205256] pnp: PnP ACPI init
[    0.206187] pnp: PnP ACPI: found 3 devices
[    0.213003] clocksource: acpi_pm: mask: 0xffffff max_cycles: 0xffffff, max_idle_ns: 2085701024 ns
[    0.214170] NET: Registered protocol family 2
[    0.214663] IP idents hash table entries: 16384 (order: 5, 131072 bytes)
[    0.215777] TCP established hash table entries: 8192 (order: 4, 65536 bytes)
[    0.216511] TCP bind hash table entries: 8192 (order: 5, 131072 bytes)
[    0.217120] TCP: Hash tables configured (established 8192 bind 8192)
[    0.217710] UDP hash table entries: 512 (order: 2, 16384 bytes)
[    0.218265] UDP-Lite hash table entries: 512 (order: 2, 16384 bytes)
[    0.218855] NET: Registered protocol family 1
[    0.219309] pci 0000:00:00.0: Limiting direct PCI/PCI transfers
[    0.219899] pci 0000:00:01.0: Activating ISA DMA hang workarounds
[    0.220494] pci 0000:00:02.0: Video device with shadowed ROM at [mem 0x000c0000-0x000dffff]
[    0.221314] Unpacking initramfs...
[    0.725415] Freeing initrd memory: 59772K
[    0.725980] clocksource: tsc: mask: 0xffffffffffffffff max_cycles: 0x25a38e665e8, max_idle_ns: 440795247960 ns
[    0.726982] platform rtc_cmos: registered platform RTC device (no PNP device found)
[    0.727849] Scanning for low memory corruption every 60 seconds
[    0.728964] Initialise system trusted keyrings
[    0.729411] Key type blacklist registered
[    0.729943] workingset: timestamp_bits=36 max_order=18 bucket_order=0
[    0.731242] zbud: loaded
[    0.732154] squashfs: version 4.0 (2009/01/31) Phillip Lougher
[    0.732916] fuse init (API version 7.26)
[    0.734599] Key type asymmetric registered
[    0.735055] Asymmetric key parser 'x509' registered
[    0.735573] Block layer SCSI generic (bsg) driver version 0.4 loaded (major 246)
[    0.736416] io scheduler noop registered
[    0.736844] io scheduler deadline registered
[    0.737304] io scheduler cfq registered (default)
[    0.738014] ACPI: AC Adapter [AC] (on-line)
[    0.738511] input: Power Button as /devices/LNXSYSTM:00/LNXPWRBN:00/input/input0
[    0.739334] ACPI: Power Button [PWRF]
[    0.739797] input: Sleep Button as /devices/LNXSYSTM:00/LNXSLPBN:00/input/input1
[    0.740579] ACPI: Sleep Button [SLPF]
[    0.741591] ACPI: Battery Slot [BAT0] (battery present)
[    0.742258] Serial: 8250/16550 driver, 32 ports, IRQ sharing enabled
[    0.763389] 00:02: ttyS0 at I/O 0x3f8 (irq = 4, base_baud = 115200) is a 16550A
[    0.766011] Linux agpgart interface v0.103
[    0.767335] loop: module loaded
[    0.768090] scsi host0: ata_piix
[    0.768574] scsi host1: ata_piix
[    0.768945] ata1: PATA max UDMA/33 cmd 0x1f0 ctl 0x3f6 bmdma 0xd000 irq 14
[    0.769621] ata2: PATA max UDMA/33 cmd 0x170 ctl 0x376 bmdma 0xd008 irq 15
[    0.770389] tun: Universal TUN/TAP device driver, 1.6
[    0.770978] PPP generic driver version 2.4.2
[    0.771510] ehci_hcd: USB 2.0 'Enhanced' Host Controller (EHCI) Driver
[    0.772178] ehci-pci: EHCI PCI platform driver
[    0.772649] ehci-platform: EHCI generic platform driver
[    0.773180] ohci_hcd: USB 1.1 'Open' Host Controller (OHCI) Driver
[    0.773795] ohci-pci: OHCI PCI platform driver
[    0.774261] ohci-platform: OHCI generic platform driver
[    0.774793] uhci_hcd: USB Universal Host Controller Interface driver
[    0.775455] i8042: PNP: PS/2 Controller [PNP0303:PS2K,PNP0f03:PS2M] at 0x60,0x64 irq 1,12
[    0.776687] serio: i8042 KBD port at 0x60,0x64 irq 1
[    0.777227] serio: i8042 AUX port at 0x60,0x64 irq 12
[    0.777859] mousedev: PS/2 mouse device common for all mice
[    0.778804] input: AT Translated Set 2 keyboard as /devices/platform/i8042/serio0/input/input2
[    0.779879] rtc_cmos rtc_cmos: rtc core: registered rtc_cmos as rtc0
[    0.780603] rtc_cmos rtc_cmos: alarms up to one day, 114 bytes nvram
[    0.781262] i2c /dev entries driver
[    0.781734] device-mapper: uevent: version 1.0.3
[    0.782288] device-mapper: ioctl: 4.37.0-ioctl (2017-09-20) initialised: dm-devel@redhat.com
[    0.783205] ledtrig-cpu: registered to indicate activity on CPUs
[    0.784077] NET: Registered protocol family 10
[    0.786997] Segment Routing with IPv6
[    0.787418] NET: Registered protocol family 17
[    0.787918] Key type dns_resolver registered
[    0.788490] mce: Using 0 MCE banks
[    0.788886] RAS: Correctable Errors collector initialized.
[    0.789443] sched_clock: Marking stable (788472129, 0)->(883435097, -94962968)
[    0.790467] registered taskstats version 1
[    0.790918] Loading compiled-in X.509 certificates
[    0.793007] Loaded X.509 cert 'Build time autogenerated kernel key: 6303a3b02fa1c7713b8a75ba7ba622fabd5dd271'
[    0.794509] Loaded X.509 cert 'Canonical Ltd. Live Patch Signing: 14df34d1a87cf37625abec039ef2bf521249b969'
[    0.796030] Loaded X.509 cert 'Canonical Ltd. Kernel Module Signing: 88f752e560a1e0737e31163a466ad7b70a850c19'
[    0.799256] blacklist: Loading compiled-in revocation X.509 certificates
[    0.800255] Loaded X.509 cert 'Canonical Ltd. Secure Boot Signing: 61482aa2830d0ab2ad5af10b7250da9033ddcef0'
[    0.801295] zswap: loaded using pool lzo/zbud
[    0.804228] Key type big_key registered
[    0.804651] Key type trusted registered
[    0.806158] Key type encrypted registered
[    0.806674] AppArmor: AppArmor sha1 policy hashing enabled
[    0.807285] ima: No TPM chip found, activating TPM-bypass! (rc=-19)
[    0.807979] ima: Allocated hash algorithm: sha1
[    0.808567] evm: HMAC attrs: 0x1
[    0.809118]   Magic number: 10:53:907
[    0.809618] rtc_cmos rtc_cmos: setting system clock to 2022-10-18 22:52:54 UTC (1666133574)
[    0.810673] BIOS EDD facility v0.16 2004-Jun-25, 0 devices found
[    0.811305] EDD information not available.
[    0.955625] Freeing unused kernel image memory: 2472K
[    0.968197] Write protecting the kernel read-only data: 20480k
[    0.969229] Freeing unused kernel image memory: 2008K
[    0.969999] Freeing unused kernel image memory: 1824K
[    0.975168] x86/mm: Checked W+X mappings: passed, no W+X pages found.
[    0.975833] x86/mm: Checking user space page tables
[    0.979581] x86/mm: Checked W+X mappings: passed, no W+X pages found.
Loading, please wait...
starting version 237
[    1.018962] ACPI: Video Device [GFX0] (multi-head: yes  rom: no  post: no)
[    1.019892] input: Video Bus as /devices/LNXSYSTM:00/LNXSYBUS:00/PNP0A03:00/LNXVIDEO:00/input/input4
[    1.025266] piix4_smbus 0000:00:07.0: SMBus Host Controller at 0x4100, revision 0
[    1.026502] e1000: Intel(R) PRO/1000 Network Driver - version 7.3.21-k8-NAPI
[    1.027391] e1000: Copyright (c) 1999-2006 Intel Corporation.
[    1.035489] Fusion MPT base driver 3.04.20
[    1.036990] Copyright (c) 1999-2008 LSI Corporation
[    1.046354] Fusion MPT SPI Host driver 3.04.20
[    1.051344] AVX2 version of gcm_enc/dec engaged.
[    1.052072] AES CTR mode by8 optimization enabled
[    1.249547] input: ImExPS/2 Generic Explorer Mouse as /devices/platform/i8042/serio1/input/input5
[    1.389679] e1000 0000:00:03.0 eth0: (PCI:33MHz:32-bit) 02:be:82:6b:cc:1d
[    1.390571] e1000 0000:00:03.0 eth0: Intel(R) PRO/1000 Network Connection
[    1.392105] mptbase: ioc0: Initiating bringup
[    2.915220] ioc0: LSI53C1030 A0: Capabilities={Initiator}
[    6.800283] scsi host2: ioc0: LSI53C1030 A0, FwRev=00000000h, Ports=1, MaxQ=256, IRQ=20
[   12.124197] scsi 2:0:0:0: Direct-Access     VBOX     HARDDISK         1.0  PQ: 0 ANSI: 5
[   12.160204] scsi target2:0:0: Beginning Domain Validation
[   12.164226] scsi target2:0:0: Domain Validation skipping write tests
[   12.166898] scsi target2:0:0: Ending Domain Validation
[   12.169143] scsi target2:0:0: asynchronous
[   12.171712] scsi 2:0:1:0: Direct-Access     VBOX     HARDDISK         1.0  PQ: 0 ANSI: 5
[   12.436162] scsi target2:0:1: Beginning Domain Validation
[   12.438317] scsi target2:0:1: Domain Validation skipping write tests
[   12.438971] scsi target2:0:1: Ending Domain Validation
[   12.439523] scsi target2:0:1: asynchronous
[   12.442507] sd 2:0:0:0: Attached scsi generic sg0 type 0
[   12.443599] sd 2:0:0:0: [sda] 83886080 512-byte logical blocks: (42.9 GB/40.0 GiB)
[   12.444460] sd 2:0:0:0: [sda] Write Protect is off
[   12.445093] sd 2:0:0:0: [sda] Incomplete mode parameter data
[   12.445666] sd 2:0:0:0: [sda] Assuming drive cache: write through
[   12.446397] sd 2:0:1:0: Attached scsi generic sg1 type 0
[   12.447204] sd 2:0:1:0: [sdb] 20480 512-byte logical blocks: (10.5 MB/10.0 MiB)
[   12.448096] sd 2:0:1:0: [sdb] Write Protect is off
[   12.448750] sd 2:0:1:0: [sdb] Incomplete mode parameter data
[   12.449332] sd 2:0:1:0: [sdb] Assuming drive cache: write through
[   12.455879]  sda: sda1
[   12.456558] sd 2:0:0:0: [sda] Attached SCSI disk
[   12.457350] sd 2:0:1:0: [sdb] Attached SCSI disk
[   12.479610] e1000 0000:00:08.0 eth1: (PCI:33MHz:32-bit) 08:00:27:c0:19:22
[   12.480491] e1000 0000:00:08.0 eth1: Intel(R) PRO/1000 Network Connection
[   12.481838] e1000 0000:00:08.0 enp0s8: renamed from eth1
[   12.528870] e1000 0000:00:03.0 enp0s3: renamed from eth0
Begin: Loading essential drivers ... [   13.872068] raid6: sse2x1   gen() 14209 MB/s
[   13.920015] raid6: sse2x1   xor() 10898 MB/s
[   13.968075] raid6: sse2x2   gen() 22855 MB/s
[   14.016061] raid6: sse2x2   xor() 15034 MB/s
[   14.064053] raid6: sse2x4   gen() 23870 MB/s
[   14.112085] raid6: sse2x4   xor() 13423 MB/s
[   14.160037] raid6: avx2x1   gen() 33644 MB/s
[   14.208097] raid6: avx2x1   xor() 21058 MB/s
[   14.256071] raid6: avx2x2   gen() 43531 MB/s
[   14.304063] raid6: avx2x2   xor() 28081 MB/s
[   14.352103] raid6: avx2x4   gen() 41820 MB/s
[   14.400014] raid6: avx2x4   xor() 21974 MB/s
[   14.400561] raid6: using algorithm avx2x2 gen() 43531 MB/s
[   14.401119] raid6: .... xor() 28081 MB/s, rmw enabled
[   14.401688] raid6: using avx2x2 recovery algorithm
[   14.403357] xor: automatically using best checksumming function   avx       
[   14.405074] async_tx: api initialized (async)
done.
Begin: Running /scripts/init-premount ... done.
Begin: Mounting root file system ... Begin: Running /scripts/local-top ... done.
Begin: Running /scripts/local-premount ... [   14.438465] Btrfs loaded, crc32c=crc32c-intel
Scanning for Btrfs filesystems
done.
Begin: Will now check root file system ... fsck from util-linux 2.31.1
[/sbin/fsck.ext4 (1) -- /dev/sda1] fsck.ext4 -a -C0 /dev/sda1 
cloudimg-rootfs: clean, 78262/5120000 files, 873050/10485499 blocks
done.
[   14.467941] EXT4-fs (sda1): mounted filesystem with ordered data mode. Opts: (null)
done.
Begin: Running /scripts/local-bottom ... done.
Begin: Running /scripts/init-bottom ... done.
[   14.587303] ip_tables: (C) 2000-2006 Netfilter Core Team
[   14.592153] systemd[1]: systemd 237 running in system mode. (+PAM +AUDIT +SELINUX +IMA +APPARMOR +SMACK +SYSVINIT +UTMP +LIBCRYPTSETUP +GCRYPT +GNUTLS +ACL +XZ +LZ4 +SECCOMP +BLKID +ELFUTILS +KMOD -IDN2 +IDN -PCRE2 default-hierarchy=hybrid)
[   14.594265] systemd[1]: Detected virtualization oracle.
[   14.594825] systemd[1]: Detected architecture x86-64.

Welcome to [1mUbuntu 18.04.6 LTS[0m!

[   14.599533] systemd[1]: Set hostname to <ubuntu-xenial>.
[   14.758790] systemd[1]: Set up automount Arbitrary Executable File Formats File System Automount Point.
[[0;32m  OK  [0m] Set up automount Arbitrary Executab…rmats File System Automount Point.
[   14.760712] systemd[1]: Started Forward Password Requests to Wall Directory Watch.
[[0;32m  OK  [0m] Started Forward Password Requests to Wall Directory Watch.
[   14.762159] systemd[1]: Reached target Swap.
[[0;32m  OK  [0m] Reached target Swap.
[   14.764119] systemd[1]: Created slice System Slice.
[[0;32m  OK  [0m] Created slice System Slice.
[   14.765236] systemd[1]: Listening on Journal Socket.
[[0;32m  OK  [0m] Listening on Journal Socket.
[   14.767059] systemd[1]: Starting Create list of required static device nodes for the current kernel...
         Starting Create list of required st…ce nodes for the current kernel...
[[0;32m  OK  [0m] Listening on udev Control Socket.
         Mounting POSIX Message Queue File System...
[[0;32m  OK  [0m] Listening on Device-mapper event daemon FIFOs.
         Starting Uncomplicated firewall...
[[0;32m  OK  [0m] Created slice User and Session Slice.
         Mounting Kernel Debug File System...
[[0;32m  OK  [0m] Listening on LVM2 metadata daemon socket.
[[0;32m  OK  [0m] Listening on fsck to fsckd communication Socket.
[[0;32m  OK  [0m] Created slice system-serial\x2dgetty.slice.
[[0;32m  OK  [0m] Reached target Slices.
[[0;32m  OK  [0m] Listening on Journal Audit Socket.
         Starting Monitoring of LVM2 mirrors…ng dmeventd or progress polling...
         Starting Nameserver information manager...
         Starting Set the console keyboard layout...
[[0;32m  OK  [0m] Listening on LVM2 poll daemon socket.
         Starting Remount Root and Kernel File Systems...
[[0;32m  OK  [0m] Listening on udev Kernel Socket.
[[0;32m  OK  [0m] Listening on /dev/initctl Compatibility Named Pipe.
[[0;32m  OK  [0m] Reached target User and Group Name Lookups.
[[0;32m  OK  [0m] Listening on Journal Socket (/dev/log).
[[0;32m  OK  [0m] Reached target System Time Synchronized.
         Starting Load Kernel Modules...
[[0;32m  OK  [0m] Listening on Syslog Socket.
         Starting Journal Service...
         Starting udev Coldplug all Devices...
         Mounting Huge Pages File System...
[[0;32m  OK  [0m] Started Create list of required sta…vice nodes for the current kernel.
[[0;32m  OK  [0m] Mounted POSIX Message Queue File System.
[[0;32m  OK  [0m] Started Uncomplicated firewall.
[[0;32m  OK  [0m] Mounted Kernel Debug File System.
[[0;32m  OK  [0m] Mounted Huge Pages File System.
         Starting Create Static Device Nodes in /dev...
[[0;32m  OK  [0m] Started LVM2 metadata daemon.
[   14.830750] Loading iSCSI transport class v2.0-870.
[   14.834804] iscsi: registered transport (tcp)
[   14.845629] iscsi: registered transport (iser)
[[0;32m  OK  [0m] Started Load Kernel Modules.
         Starting Apply Kernel Variables...
         Mounting FUSE Control File System...
         Mounting Kernel Configuration File System...
[[0;32m  OK  [0m] Mounted FUSE Control File System.
[[0;32m  OK  [0m] Mounted Kernel Configuration File System.
[[0;32m  OK  [0m] Started Journal Service.
[[0;32m  OK  [0m] Started Nameserver information manager.
[[0;32m  OK  [0m] Started Create Static Device Nodes in /dev.
[[0;32m  OK  [0m] Started udev Coldplug all Devices.
[   14.898316] EXT4-fs (sda1): re-mounted. Opts: (null)
[[0;32m  OK  [0m] Started Remount Root and Kernel File Systems.
         Starting Flush Journal to Persistent Storage...
         Starting Load/Save Random Seed...
         Starting udev Kernel Device Manager...
[[0;32m  OK  [0m] Started Monitoring of LVM2 mirrors,…sing dmeventd or progress polling.
[[0;32m  OK  [0m] Started Load/Save Random Seed.
[[0;32m  OK  [0m] Started Apply Kernel Variables.
[[0;32m  OK  [0m] Started udev Kernel Device Manager.
[[0;32m  OK  [0m] Started Set the console keyboard layout.
[[0;32m  OK  [0m] Started Dispatch Password Requests to Console Directory Watch.
[[0;32m  OK  [0m] Reached target Local Encrypted Volumes.
[[0;32m  OK  [0m] Reached target Local File Systems (Pre).
[[0;32m  OK  [0m] Reached target Local File Systems.
         Starting Tell Plymouth To Write Out Runtime Data...
         Starting AppArmor initialization...
         Starting Set console font and keymap...
         Starting ebtables ruleset management...
[[0;32m  OK  [0m] Started Flush Journal to Persistent Storage.
         Starting Create Volatile Files and Directories...
[[0;32m  OK  [0m] Started Tell Plymouth To Write Out Runtime Data.
[[0;32m  OK  [0m] Started Set console font and keymap.
[[0;32m  OK  [0m] Started Create Volatile Files and Directories.
         Starting Network Name Resolution...
         Starting Update UTMP about System Boot/Shutdown...
[[0;32m  OK  [0m] Started Update UTMP about System Boot/Shutdown.
[[0;32m  OK  [0m] Started ebtables ruleset management.
[[0;32m  OK  [0m] Found device /dev/ttyS0.
[[0;32m  OK  [0m] Started Network Name Resolution.
[[0;32m  OK  [0m] Reached target Host and Network Name Lookups.
[[0;32m  OK  [0m] Listening on Load/Save RF Kill Switch Status /dev/rfkill Watch.
[[0;32m  OK  [0m] Found device 82540EM Gigabit Ethern…ler (PRO/1000 MT Desktop Adapter).
[[0;32m  OK  [0m] Found device 82540EM Gigabit Ethern…ler (PRO/1000 MT Desktop Adapter).
[[0;32m  OK  [0m] Reached target Sound Card.
[[0;32m  OK  [0m] Started AppArmor initialization.
         Starting Load AppArmor profiles managed internally by snapd...
         Starting Initial cloud-init job (pre-networking)...
[[0;32m  OK  [0m] Started Load AppArmor profiles managed internally by snapd.
[   16.492304] cloud-init[731]: Cloud-init v. 22.3.4-0ubuntu1~18.04.1 running 'init-local' at Tue, 18 Oct 2022 22:53:10 +0000. Up 16.36 seconds.
[[0;32m  OK  [0m] Started Initial cloud-init job (pre-networking).
[[0;32m  OK  [0m] Reached target Network (Pre).
[[0;32m  OK  [0m] Started ifup for enp0s8.
         Starting Raise network interfaces...
[[0;32m  OK  [0m] Started ifup for enp0s3.
         Starting Tell Plymouth To Write Out Runtime Data...
         Stopping Network Name Resolution...
         Starting Network Time Synchronization...
[[0;32m  OK  [0m] Stopped Network Name Resolution.
         Starting Network Name Resolution...
[[0;32m  OK  [0m] Started Tell Plymouth To Write Out Runtime Data.
[[0;32m  OK  [0m] Started Network Name Resolution.
[[0;32m  OK  [0m] Started Network Time Synchronization.
[[0;32m  OK  [0m] Started Raise network interfaces.
[[0;32m  OK  [0m] Reached target Network.
         Starting Initial cloud-init job (metadata service crawler)...
[   17.105464] cloud-init[1109]: Cloud-init v. 22.3.4-0ubuntu1~18.04.1 running 'init' at Tue, 18 Oct 2022 22:53:10 +0000. Up 17.01 seconds.
[   17.107152] cloud-init[1109]: ci-info: ++++++++++++++++++++++++++++++++++++++Net device info+++++++++++++++++++++++++++++++++++++++
[   17.108169] cloud-init[1109]: ci-info: +--------+------+-----------------------------+---------------+--------+-------------------+
[   17.109077] cloud-init[1109]: ci-info: | Device |  Up  |           Address           |      Mask     | Scope  |     Hw-Address    |
[   17.109965] cloud-init[1109]: ci-info: +--------+------+-----------------------------+---------------+--------+-------------------+
[   17.110854] cloud-init[1109]: ci-info: | enp0s3 | True |          10.0.2.15          | 255.255.255.0 | global | 02:be:82:6b:cc:1d |
[   17.111735] cloud-init[1109]: ci-info: | enp0s3 | True |  fe80::be:82ff:fe6b:cc1d/64 |       .       |  link  | 02:be:82:6b:cc:1d |
[   17.112601] cloud-init[1109]: ci-info: | enp0s8 | True |        192.168.33.12        | 255.255.255.0 | global | 08:00:27:c0:19:22 |
[   17.113456] cloud-init[1109]: ci-info: | enp0s8 | True | fe80::a00:27ff:fec0:1922/64 |       .       |  link  | 08:00:27:c0:19:22 |
[   17.114353] cloud-init[1109]: ci-info: |   lo   | True |          127.0.0.1          |   255.0.0.0   |  host  |         .         |
[   17.115311] cloud-init[1109]: ci-info: |   lo   | True |           ::1/128           |       .       |  host  |         .         |
[   17.116175] cloud-init[1109]: ci-info: +--------+------+-----------------------------+---------------+--------+-------------------+
[   17.117077] cloud-init[1109]: ci-info: ++++++++++++++++++++++++++++Route IPv4 info++++++++++++++++++++++++++++
[   17.117835] cloud-init[1109]: ci-info: +-------+--------------+----------+---------------+-----------+-------+
[   17.118608] cloud-init[1109]: ci-info: | Route | Destination  | Gateway  |    Genmask    | Interface | Flags |
[   17.119380] cloud-init[1109]: ci-info: +-------+--------------+----------+---------------+-----------+-------+
[   17.120111] cloud-init[1109]: ci-info: |   0   |   0.0.0.0    | 10.0.2.2 |    0.0.0.0    |   enp0s3  |   UG  |
[   17.120907] cloud-init[1109]: ci-info: |   1   |   10.0.2.0   | 0.0.0.0  | 255.255.255.0 |   enp0s3  |   U   |
[   17.121675] cloud-init[1109]: ci-info: |   2   | 192.168.33.0 | 0.0.0.0  | 255.255.255.0 |   enp0s8  |   U   |
[   17.136174] cloud-init[1109]: ci-info: +-------+--------------+----------+---------------+-----------+-------+
[   17.136855] cloud-init[1109]: ci-info: +++++++++++++++++++Route IPv6 info+++++++++++++++++++
[   17.137521] cloud-init[1109]: ci-info: +-------+-------------+---------+-----------+-------+
[   17.138208] cloud-init[1109]: ci-info: | Route | Destination | Gateway | Interface | Flags |
[   17.138885] cloud-init[1109]: ci-info: +-------+-------------+---------+-----------+-------+
[   17.139570] cloud-init[1109]: ci-info: |   1   |  fe80::/64  |    ::   |   enp0s8  |   U   |
[   17.140310] cloud-init[1109]: ci-info: |   2   |  fe80::/64  |    ::   |   enp0s3  |   U   |
[   17.140977] cloud-init[1109]: ci-info: |   4   |   ff00::/8  |    ::   |   enp0s8  |   U   |
[   17.141645] cloud-init[1109]: ci-info: |   5   |   ff00::/8  |    ::   |   enp0s3  |   U   |
[   17.143175] cloud-init[1109]: ci-info: +-------+-------------+---------+-----------+-------+
[[0;32m  OK  [0m] Started Initial cloud-init job (metadata service crawler).
[[0;32m  OK  [0m] Reached target Network is Online.
[[0;32m  OK  [0m] Reached target Remote File Systems (Pre).
         Starting Availability of block devices...
         Mounting /vagrant...
[[0;32m  OK  [0m] Reached target System Initialization.
[[0;32m  OK  [0m] Listening on Open-iSCSI iscsid Socket.
[[0;32m  OK  [0m] Listening on UUID daemon activation socket.
         Starting Socket activation for snappy daemon.
         Starting LXD - unix socket.
[[0;32m  OK  [0m] Started ACPI Events Check.
[[0;32m  OK  [0m] Started Daily apt download activities.
[[0;32m  OK  [0m] Listening on cloud-init hotplug hook socket.
[[0;32m  OK  [0m] Started Discard unused blocks once a week.
[[0;32m  OK  [0m] Started Ubuntu Advantage Timer for running repeated jobs.
[[0;32m  OK  [0m] Listening on D-Bus System Message Bus Socket.
[[0;32m  OK  [0m] Started Daily apt upgrade and clean activities.
[[0;32m  OK  [0m] Started resolvconf-pull-resolved.path.
[[0;32m  OK  [0m] Reached target Paths.
[[0;32m  OK  [0m] Started Daily Cleanup of Temporary Directories.
[[0;32m  OK  [0m] Listening on ACPID Listen Socket.
[[0;32m  OK  [0m] Started Message of the Day.
[[0;32m  OK  [0m] Reached target Timers.
[[0;32m  OK  [0m] Reached target Cloud-config availability.
[[0;32m  OK  [0m] Started Availability of block devices.
[[0;32m  OK  [0m] Listening on Socket activation for snappy daemon.
[[0;32m  OK  [0m] Mounted /vagrant.
[[0;32m  OK  [0m] Listening on LXD - unix socket.
[[0;32m  OK  [0m] Reached target Remote File Systems.
[[0;32m  OK  [0m] Reached target Sockets.
[[0;32m  OK  [0m] Reached target Basic System.
         Starting LSB: Record successful boot for GRUB...
[[0;32m  OK  [0m] Started D-Bus System Message Bus.
         Starting Dispatcher daemon for systemd-networkd...
         Starting Permit User Sessions...
         Starting LSB: automatic crash report generation...
[[0;32m  OK  [0m] Started Deferred execution scheduler.
[[0;32m  OK  [0m] Started FUSE filesystem for LXC.
         Starting Login Service...
         Starting System Logging Service...
         Starting OpenBSD Secure Shell server...
         Starting LXD - container startup/shutdown...
[[0;32m  OK  [0m] Started Regular background program processing daemon.
         Starting Accounts Service...
         Starting Thermal Daemon Service...
         Starting resolvconf-pull-resolved.service...
         Starting Snap Daemon...
[[0;32m  OK  [0m] Started irqbalance daemon.
[[0;32m  OK  [0m] Started System Logging Service.
[[0;32m  OK  [0m] Started Permit User Sessions.
[[0;32m  OK  [0m] Started Thermal Daemon Service.
[[0;32m  OK  [0m] Started resolvconf-pull-resolved.service.
[[0;32m  OK  [0m] Started Login Service.
[[0;32m  OK  [0m] Started Unattended Upgrades Shutdown.
         Starting Terminate Plymouth Boot Screen...
         Starting Hold until boot process finishes up...
[[0;32m  OK  [0m] Started Hold until boot process finishes up.
         Starting Set console scheme...
[[0;32m  OK  [0m] Started Serial Getty on ttyS0.
[[0;32m  OK  [0m] Started Terminate Plymouth Boot Screen.
[[0;32m  OK  [0m] Started Set console scheme.
[[0;32m  OK  [0m] Created slice system-getty.slice.
[[0;32m  OK  [0m] Started Getty on tty1.
[[0;32m  OK  [0m] Reached target Login Prompts.
         Starting Authorization Manager...
[[0;32m  OK  [0m] Started OpenBSD Secure Shell server.
[[0;32m  OK  [0m] Started Authorization Manager.
[[0;32m  OK  [0m] Started Accounts Service.
[[0;32m  OK  [0m] Started LSB: Record successful boot for GRUB.
[[0;32m  OK  [0m] Started LSB: automatic crash report generation.
[[0;32m  OK  [0m] Started Dispatcher daemon for systemd-networkd.
[[0;32m  OK  [0m] Started LXD - container startup/shutdown.
[[0;32m  OK  [0m] Started Snap Daemon.
         Starting Wait until snapd is fully seeded...
         Starting Time & Date Service...
[[0;32m  OK  [0m] Started Time & Date Service.
[[0;32m  OK  [0m] Started Wait until snapd is fully seeded.
         Starting Apply the settings specified in cloud-config...
[   18.326844] cloud-init[1515]: Cloud-init v. 22.3.4-0ubuntu1~18.04.1 running 'modules:config' at Tue, 18 Oct 2022 22:53:11 +0000. Up 18.26 seconds.
[[0;32m  OK  [0m] Started Apply the settings specified in cloud-config.
[[0;32m  OK  [0m] Reached target Multi-User System.
[[0;32m  OK  [0m] Reached target Graphical Interface.
         Starting Update UTMP about System Runlevel Changes...
         Starting Execute cloud user/final scripts...
[[0;32m  OK  [0m] Started Update UTMP about System Runlevel Changes.
[   18.679566] cloud-init[1558]: Cloud-init v. 22.3.4-0ubuntu1~18.04.1 running 'modules:final' at Tue, 18 Oct 2022 22:53:12 +0000. Up 18.60 seconds.
[   18.680612] cloud-init[1558]: Cloud-init v. 22.3.4-0ubuntu1~18.04.1 finished at Tue, 18 Oct 2022 22:53:12 +0000. Datasource DataSourceNoCloud [seed=/dev/sdb][dsmode=net].  Up 18.67 seconds
[[0;32m  OK  [0m] Started Execute cloud user/final scripts.
[[0;32m  OK  [0m] Reached target Cloud-init target.

Ubuntu 18.04.6 LTS ubuntu-xenial ttyS0

ubuntu-xenial login: cloud-init[1629]: Cloud-init v. 22.3.4-0ubuntu1~18.04.1 running 'modules:final' at Tue, 18 Oct 2022 22:51:03 +0000. Up 14.86 seconds.
[   14.996824] cloud-init[1629]: Cloud-init v. 22.3.4-0ubuntu1~18.04.1 finished at Tue, 18 Oct 2022 22:51:03 +0000. Datasource DataSourceNoCloud [seed=/dev/sdb][dsmode=net].  Up 14.98 seconds
[[0;32m  OK  [0m] Started Execute cloud user/final scripts.
[[0;32m  OK  [0m] Reached target Cloud-init target.

Ubuntu 18.04.6 LTS ubuntu-xenial ttyS0

ubuntu-xenial login: 